 PhysX3CharacterKinematicCHECKED_x64

 Timestamp is 54231681 (Wed Sep 24 15:07:45 2014)

 Preferred load address is 0000000180000000

 Start         Length     Name                   Class
 0001:00000000 0002dc58H .text                   CODE
 0001:0002dc60 00000286H .text$x                 CODE
 0001:0002def0 00000134H .text$yc                CODE
 0002:00000000 00000328H .idata$5                DATA
 0002:00000328 00000008H .CRT$XCA                DATA
 0002:00000330 00000060H .CRT$XCU                DATA
 0002:00000390 00000008H .CRT$XCZ                DATA
 0002:00000398 00000008H .CRT$XIA                DATA
 0002:000003a0 00000020H .CRT$XIC                DATA
 0002:000003c0 00000008H .CRT$XIZ                DATA
 0002:000003c8 00000008H .CRT$XPA                DATA
 0002:000003d0 00000010H .CRT$XPX                DATA
 0002:000003e0 00000008H .CRT$XPXA               DATA
 0002:000003e8 00000008H .CRT$XPZ                DATA
 0002:000003f0 00000008H .CRT$XTA                DATA
 0002:000003f8 00000008H .CRT$XTZ                DATA
 0002:00000400 00006f00H .rdata                  DATA
 0002:00007300 00000344H .rdata$r                DATA
 0002:00007648 00000008H .rtc$IAA                DATA
 0002:00007650 00000008H .rtc$IZZ                DATA
 0002:00007658 00000008H .rtc$TAA                DATA
 0002:00007660 00000008H .rtc$TZZ                DATA
 0002:00007668 00002350H .xdata                  DATA
 0002:000099b8 00000028H .idata$2                DATA
 0002:000099e0 00000014H .idata$3                DATA
 0002:000099f8 00000328H .idata$4                DATA
 0002:00009d20 00000f58H .idata$6                DATA
 0002:0000ac80 000001fbH .edata                  DATA
 0003:00000000 000019f8H .data                   DATA
 0003:00001a00 00002558H .bss                    DATA
 0004:00000000 00001ae8H .pdata                  DATA
 0005:00000000 000000a0H .rsrc$01                DATA
 0005:000000a0 00000500H .rsrc$02                DATA

  Address         Publics by Value              Rva+Base               Lib:Object

 0000:00000000       ___safe_se_handler_count   0000000000000000     <absolute>
 0000:00000000       ___safe_se_handler_table   0000000000000000     <absolute>
 0000:00000000       __ImageBase                0000000180000000     <linker-defined>
 0001:00000000       ??0BoxController@Cct@physx@@QEAA@AEBVPxControllerDesc@2@AEAVPxPhysics@2@PEAVPxScene@2@@Z 0000000180001000 f   CctBoxController.obj
 0001:000000f0       ??1BoxController@Cct@physx@@UEAA@XZ 00000001800010f0 f   CctBoxController.obj
 0001:00000130       ?getWorldBox@BoxController@Cct@physx@@UEBA_NAEAUPxExtendedBounds3@3@@Z 0000000180001130 f   CctBoxController.obj
 0001:000001f0       ?setFootPosition@BoxController@Cct@physx@@UEAA_NAEBUPxExtendedVec3@3@@Z 00000001800011f0 f   CctBoxController.obj
 0001:00000270       ?getFootPosition@BoxController@Cct@physx@@UEBA?AUPxExtendedVec3@3@XZ 0000000180001270 f   CctBoxController.obj
 0001:000002f0       ?invalidateCache@BoxController@Cct@physx@@UEAAXXZ 00000001800012f0 f   CctBoxController.obj
 0001:00000300       ?resize@BoxController@Cct@physx@@UEAAXM@Z 0000000180001300 f   CctBoxController.obj
 0001:000003c0       ?getHalfHeight@BoxController@Cct@physx@@UEBAMXZ 00000001800013c0 f   CctBoxController.obj
 0001:000003d0       ?getHalfSideExtent@BoxController@Cct@physx@@UEBAMXZ 00000001800013d0 f   CctBoxController.obj
 0001:000003e0       ?getHalfForwardExtent@BoxController@Cct@physx@@UEBAMXZ 00000001800013e0 f   CctBoxController.obj
 0001:000003f0       ?setHalfHeight@BoxController@Cct@physx@@UEAA_NM@Z 00000001800013f0 f   CctBoxController.obj
 0001:00000410       ?setHalfSideExtent@BoxController@Cct@physx@@UEAA_NM@Z 0000000180001410 f   CctBoxController.obj
 0001:00000430       ?setHalfForwardExtent@BoxController@Cct@physx@@UEAA_NM@Z 0000000180001430 f   CctBoxController.obj
 0001:00000450       ?updateKinematicProxy@BoxController@Cct@physx@@QEAA_NXZ 0000000180001450 f   CctBoxController.obj
 0001:000004f0       ?getOBB@BoxController@Cct@physx@@QEBAXAEAVPxExtendedBox@3@@Z 00000001800014f0 f   CctBoxController.obj
 0001:00000648       ??_EBoxController@Cct@physx@@W7EAAPEAXI@Z 0000000180001648 f i CctBoxController.obj
 0001:00000660       ??_GBoxController@Cct@physx@@UEAAPEAXI@Z 0000000180001660 f i CctBoxController.obj
 0001:00000660       ??_EBoxController@Cct@physx@@UEAAPEAXI@Z 0000000180001660 f i CctBoxController.obj
 0001:000006c0       ?getActor@CapsuleController@Cct@physx@@UEBAPEAVPxRigidDynamic@3@XZ 00000001800016c0 f i CctCapsuleController.obj
 0001:000006c0       ?getActor@BoxController@Cct@physx@@UEBAPEAVPxRigidDynamic@3@XZ 00000001800016c0 f i CctBoxController.obj
 0001:000006d0       ?getHalfHeightInternal@BoxController@Cct@physx@@UEBAMXZ 00000001800016d0 f i CctBoxController.obj
 0001:000006e0       ?getNonWalkableMode@BoxController@Cct@physx@@UEBA?AW4Enum@PxControllerNonWalkableMode@3@XZ 00000001800016e0 f i CctBoxController.obj
 0001:000006e0       ?getNonWalkableMode@CapsuleController@Cct@physx@@UEBA?AW4Enum@PxControllerNonWalkableMode@3@XZ 00000001800016e0 f i CctCapsuleController.obj
 0001:000006f0       ?getScene@BoxController@Cct@physx@@UEAAPEAVPxScene@3@XZ 00000001800016f0 f i CctBoxController.obj
 0001:000006f0       ?getScene@CapsuleController@Cct@physx@@UEAAPEAVPxScene@3@XZ 00000001800016f0 f i CctCapsuleController.obj
 0001:00000700       ?getSlopeLimit@CapsuleController@Cct@physx@@UEBAMXZ 0000000180001700 f i CctCapsuleController.obj
 0001:00000700       ?getSlopeLimit@BoxController@Cct@physx@@UEBAMXZ 0000000180001700 f i CctBoxController.obj
 0001:00000710       ?getStats@CapsuleController@Cct@physx@@UEBAXAEAUPxControllerStats@3@@Z 0000000180001710 f i CctCapsuleController.obj
 0001:00000710       ?getStats@BoxController@Cct@physx@@UEBAXAEAUPxControllerStats@3@@Z 0000000180001710 f i CctBoxController.obj
 0001:00000720       ?getStepOffset@BoxController@Cct@physx@@UEBAMXZ 0000000180001720 f i CctBoxController.obj
 0001:00000720       ?getStepOffset@CapsuleController@Cct@physx@@UEBAMXZ 0000000180001720 f i CctCapsuleController.obj
 0001:00000730       ?getType@BoxController@Cct@physx@@UEBA?AW4Enum@PxControllerShapeType@3@XZ 0000000180001730 f i CctBoxController.obj
 0001:00000730       ?getType@CapsuleController@Cct@physx@@UEBA?AW4Enum@PxControllerShapeType@3@XZ 0000000180001730 f i CctCapsuleController.obj
 0001:00000730       ?getNbPoints@RenderBuffer@Cm@physx@@UEBAIXZ 0000000180001730 f i CctCharacterControllerManager.obj
 0001:00000740       ?getUserData@CapsuleController@Cct@physx@@UEBAPEAXXZ 0000000180001740 f i CctCapsuleController.obj
 0001:00000740       ?getUserData@BoxController@Cct@physx@@UEBAPEAXXZ 0000000180001740 f i CctBoxController.obj
 0001:00000750       ?release@BoxController@Cct@physx@@UEAAXXZ 0000000180001750 f i CctBoxController.obj
 0001:00000750       ?release@CapsuleController@Cct@physx@@UEAAXXZ 0000000180001750 f i CctCapsuleController.obj
 0001:00000760       ?setNonWalkableMode@BoxController@Cct@physx@@UEAAXW4Enum@PxControllerNonWalkableMode@3@@Z 0000000180001760 f i CctBoxController.obj
 0001:00000760       ?setNonWalkableMode@CapsuleController@Cct@physx@@UEAAXW4Enum@PxControllerNonWalkableMode@3@@Z 0000000180001760 f i CctCapsuleController.obj
 0001:00000770       ?setSlopeLimit@CapsuleController@Cct@physx@@UEAAXM@Z 0000000180001770 f i CctCapsuleController.obj
 0001:00000770       ?setSlopeLimit@BoxController@Cct@physx@@UEAAXM@Z 0000000180001770 f i CctBoxController.obj
 0001:00000780       ?setUpDirection@CapsuleController@Cct@physx@@UEAAXAEBVPxVec3@3@@Z 0000000180001780 f i CctCapsuleController.obj
 0001:00000780       ?setUpDirection@BoxController@Cct@physx@@UEAAXAEBVPxVec3@3@@Z 0000000180001780 f i CctBoxController.obj
 0001:00000790       ?setUserData@BoxController@Cct@physx@@UEAAXPEAX@Z 0000000180001790 f i CctBoxController.obj
 0001:00000790       ?setUserData@CapsuleController@Cct@physx@@UEAAXPEAX@Z 0000000180001790 f i CctCapsuleController.obj
 0001:000007a0       ??0CapsuleController@Cct@physx@@QEAA@AEBVPxControllerDesc@2@AEAVPxPhysics@2@PEAVPxScene@2@@Z 00000001800017a0 f   CctCapsuleController.obj
 0001:00000890       ??1CapsuleController@Cct@physx@@UEAA@XZ 0000000180001890 f   CctCapsuleController.obj
 0001:000008d0       ?getWorldBox@CapsuleController@Cct@physx@@UEBA_NAEAUPxExtendedBounds3@3@@Z 00000001800018d0 f   CctCapsuleController.obj
 0001:00000990       ?setFootPosition@CapsuleController@Cct@physx@@UEAA_NAEBUPxExtendedVec3@3@@Z 0000000180001990 f   CctCapsuleController.obj
 0001:00000a20       ?getFootPosition@CapsuleController@Cct@physx@@UEBA?AUPxExtendedVec3@3@XZ 0000000180001a20 f   CctCapsuleController.obj
 0001:00000ac0       ?invalidateCache@CapsuleController@Cct@physx@@UEAAXXZ 0000000180001ac0 f   CctCapsuleController.obj
 0001:00000ad0       ?resize@CapsuleController@Cct@physx@@UEAAXM@Z 0000000180001ad0 f   CctCapsuleController.obj
 0001:00000bb0       ?getClimbingMode@CapsuleController@Cct@physx@@UEBA?AW4Enum@PxCapsuleClimbingMode@3@XZ 0000000180001bb0 f   CctCapsuleController.obj
 0001:00000bc0       ?setRadius@CapsuleController@Cct@physx@@UEAA_NM@Z 0000000180001bc0 f   CctCapsuleController.obj
 0001:00000c50       ?setHeight@CapsuleController@Cct@physx@@UEAA_NM@Z 0000000180001c50 f   CctCapsuleController.obj
 0001:00000cf0       ?setClimbingMode@CapsuleController@Cct@physx@@UEAA_NW4Enum@PxCapsuleClimbingMode@3@@Z 0000000180001cf0 f   CctCapsuleController.obj
 0001:00000d10       ?getCapsule@CapsuleController@Cct@physx@@QEBAXAEAUPxExtendedCapsule@3@@Z 0000000180001d10 f   CctCapsuleController.obj
 0001:00000e88       ??_ECapsuleController@Cct@physx@@W7EAAPEAXI@Z 0000000180001e88 f i CctCapsuleController.obj
 0001:00000ea0       ??_GCapsuleController@Cct@physx@@UEAAPEAXI@Z 0000000180001ea0 f i CctCapsuleController.obj
 0001:00000ea0       ??_ECapsuleController@Cct@physx@@UEAAPEAXI@Z 0000000180001ea0 f i CctCapsuleController.obj
 0001:00000f00       ??_EPxController@physx@@MEAAPEAXI@Z 0000000180001f00 f i CctBoxController.obj
 0001:00000f00       ??_GPxBoxController@physx@@MEAAPEAXI@Z 0000000180001f00 f i CctBoxController.obj
 0001:00000f00       ??_GPxController@physx@@MEAAPEAXI@Z 0000000180001f00 f i CctBoxController.obj
 0001:00000f00       ??_EPxCapsuleController@physx@@MEAAPEAXI@Z 0000000180001f00 f i CctCapsuleController.obj
 0001:00000f00       ??_GPxCapsuleController@physx@@MEAAPEAXI@Z 0000000180001f00 f i CctCapsuleController.obj
 0001:00000f00       ??_EPxBoxController@physx@@MEAAPEAXI@Z 0000000180001f00 f i CctBoxController.obj
 0001:00000f30       ?getContactOffset@BoxController@Cct@physx@@UEBAMXZ 0000000180001f30 f i CctBoxController.obj
 0001:00000f30       ?getContactOffset@CapsuleController@Cct@physx@@UEBAMXZ 0000000180001f30 f i CctCapsuleController.obj
 0001:00000f40       ?getHalfHeightInternal@CapsuleController@Cct@physx@@UEBAMXZ 0000000180001f40 f i CctCapsuleController.obj
 0001:00000f60       ?getHeight@CapsuleController@Cct@physx@@UEBAMXZ 0000000180001f60 f i CctCapsuleController.obj
 0001:00000f70       ?getPosition@BoxController@Cct@physx@@UEBAAEBUPxExtendedVec3@3@XZ 0000000180001f70 f i CctBoxController.obj
 0001:00000f70       ?getPosition@CapsuleController@Cct@physx@@UEBAAEBUPxExtendedVec3@3@XZ 0000000180001f70 f i CctCapsuleController.obj
 0001:00000f80       ?getPxController@BoxController@Cct@physx@@UEAAPEAVPxController@3@XZ 0000000180001f80 f i CctBoxController.obj
 0001:00000f80       ?getPxController@CapsuleController@Cct@physx@@UEAAPEAVPxController@3@XZ 0000000180001f80 f i CctCapsuleController.obj
 0001:00000f90       ?getRadius@CapsuleController@Cct@physx@@UEBAMXZ 0000000180001f90 f i CctCapsuleController.obj
 0001:00000fa0       ?getState@BoxController@Cct@physx@@UEBAXAEAUPxControllerState@3@@Z 0000000180001fa0 f i CctBoxController.obj
 0001:00000fa0       ?getState@CapsuleController@Cct@physx@@UEBAXAEAUPxControllerState@3@@Z 0000000180001fa0 f i CctCapsuleController.obj
 0001:00000fb0       ?getUpDirection@BoxController@Cct@physx@@UEBA?AVPxVec3@3@XZ 0000000180001fb0 f i CctBoxController.obj
 0001:00000fb0       ?getUpDirection@CapsuleController@Cct@physx@@UEBA?AVPxVec3@3@XZ 0000000180001fb0 f i CctCapsuleController.obj
 0001:00000fd0       ?setContactOffset@CapsuleController@Cct@physx@@UEAAXM@Z 0000000180001fd0 f i CctCapsuleController.obj
 0001:00000fd0       ?setContactOffset@BoxController@Cct@physx@@UEAAXM@Z 0000000180001fd0 f i CctBoxController.obj
 0001:00000fe0       ?setPosition@CapsuleController@Cct@physx@@UEAA_NAEBUPxExtendedVec3@3@@Z 0000000180001fe0 f i CctCapsuleController.obj
 0001:00000fe0       ?setPosition@BoxController@Cct@physx@@UEAA_NAEBUPxExtendedVec3@3@@Z 0000000180001fe0 f i CctBoxController.obj
 0001:00000ff0       ?setStepOffset@BoxController@Cct@physx@@UEAAXM@Z 0000000180001ff0 f i CctBoxController.obj
 0001:00000ff0       ?setStepOffset@CapsuleController@Cct@physx@@UEAAXM@Z 0000000180001ff0 f i CctCapsuleController.obj
 0001:00001000       ??0CCTParams@Cct@physx@@QEAA@XZ 0000000180002000 f   CctCharacterController.obj
 0001:00001040       ??0SweepTest@Cct@physx@@QEAA@XZ 0000000180002040 f   CctCharacterController.obj
 0001:00001210       ??1SweepTest@Cct@physx@@QEAA@XZ 0000000180002210 f   CctCharacterController.obj
 0001:000012a0       ?moveCharacter@SweepTest@Cct@physx@@QEAA?AV?$PxFlags@W4Enum@PxControllerCollisionFlag@physx@@E@3@PEBUInternalCBData_FindTouchedGeom@23@PEBUInternalCBData_OnHit@23@AEAVSweptVolume@23@AEBVPxVec3@3@AEBUUserObstacles@23@MAEBVPxControllerFilters@3@_N6@Z 00000001800022a0 f   CctCharacterController.obj
 0001:00001d30       ?doSweepTest@SweepTest@Cct@physx@@QEAA_NPEBUInternalCBData_FindTouchedGeom@23@PEBUInternalCBData_OnHit@23@AEBUUserObstacles@23@AEAVSweptVolume@23@AEBVPxVec3@3@4IPEAIMAEBVPxControllerFilters@3@W4SweepPass@23@@Z 0000000180002d30 f   CctCharacterController.obj
 0001:00002a00       ?findTouchedObstacles@SweepTest@Cct@physx@@QEAAXAEBUUserObstacles@23@AEBUPxExtendedBounds3@3@@Z 0000000180003a00 f   CctCharacterController.obj
 0001:00003210       ?voidTestCache@SweepTest@Cct@physx@@QEAAXXZ 0000000180004210 f   CctCharacterController.obj
 0001:00003260       ?onRelease@SweepTest@Cct@physx@@QEAAXAEBVPxBase@3@@Z 0000000180004260 f   CctCharacterController.obj
 0001:00003310       ?onObstacleRemoved@SweepTest@Cct@physx@@QEAAXI@Z 0000000180004310 f   CctCharacterController.obj
 0001:00003330       ?onObstacleUpdated@SweepTest@Cct@physx@@QEAAXIPEBVPxObstacleContext@3@AEBVPxVec3@3@1M@Z 0000000180004330 f   CctCharacterController.obj
 0001:00003460       ?onObstacleAdded@SweepTest@Cct@physx@@QEAAXIPEBVPxObstacleContext@3@AEBVPxVec3@3@1M@Z 0000000180004460 f   CctCharacterController.obj
 0001:00003610       ?onOriginShift@SweepTest@Cct@physx@@QEAAXAEBVPxVec3@3@@Z 0000000180004610 f   CctCharacterController.obj
 0001:000037b0       ?updateTouchedGeoms@SweepTest@Cct@physx@@AEAAXPEBUInternalCBData_FindTouchedGeom@23@AEBUUserObstacles@23@AEBUPxExtendedBounds3@3@AEBVPxControllerFilters@3@AEBVPxVec3@3@@Z 00000001800047b0 f   CctCharacterController.obj
 0001:00003e70       ?findTouchedObject@Controller@Cct@physx@@IEAAXAEBVPxControllerFilters@3@PEBVPxObstacleContext@3@AEBVPxVec3@3@@Z 0000000180004e70 f   CctCharacterController.obj
 0001:00004450       ?rideOnTouchedObject@Controller@Cct@physx@@IEAA_NAEAVSweptVolume@23@AEBVPxVec3@3@AEAV53@PEBVPxObstacleContext@3@@Z 0000000180005450 f   CctCharacterController.obj
 0001:00004900       ?move@Controller@Cct@physx@@IEAA?AV?$PxFlags@W4Enum@PxControllerCollisionFlag@physx@@E@3@AEAVSweptVolume@23@AEBVPxVec3@3@MMAEBVPxControllerFilters@3@PEBVPxObstacleContext@3@_N@Z 0000000180005900 f   CctCharacterController.obj
 0001:000058c0       ?filterTouchedShape@Controller@Cct@physx@@IEAA_NAEBVPxControllerFilters@3@@Z 00000001800068c0 f   CctCharacterController.obj
 0001:000086d0       ?move@BoxController@Cct@physx@@UEAA?AV?$PxFlags@W4Enum@PxControllerCollisionFlag@physx@@E@3@AEBVPxVec3@3@MMAEBVPxControllerFilters@3@PEBVPxObstacleContext@3@@Z 00000001800096d0 f   CctCharacterController.obj
 0001:00008820       ?move@CapsuleController@Cct@physx@@UEAA?AV?$PxFlags@W4Enum@PxControllerCollisionFlag@physx@@E@3@AEBVPxVec3@3@MMAEBVPxControllerFilters@3@PEBVPxObstacleContext@3@@Z 0000000180009820 f   CctCharacterController.obj
 0001:00008970       ??0PxControllerManager@physx@@IEAA@XZ 0000000180009970 f i CctCharacterController.obj
 0001:00008970       ??0PxControllerManager@physx@@QEAA@AEBV01@@Z 0000000180009970 f i CctCharacterController.obj
 0001:00008980       ??0PxMat33@physx@@QEAA@AEBV01@@Z 0000000180009980 f i CctCharacterController.obj
 0001:000089c0       ??1PxControllerManager@physx@@MEAA@XZ 00000001800099c0 f i CctCharacterController.obj
 0001:000089d0       ??4PxControllerManager@physx@@QEAAAEAV01@AEBV01@@Z 00000001800099d0 f i CctCharacterController.obj
 0001:000089e0       ??DPxQuat@physx@@QEBA?AV01@AEBV01@@Z 00000001800099e0 f i CctCharacterController.obj
 0001:00008b20       ??_EPxControllerManager@physx@@MEAAPEAXI@Z 0000000180009b20 f i CctCharacterController.obj
 0001:00008ba0       ??_GControllerFilter@@UEAAPEAXI@Z 0000000180009ba0 f i CctCharacterController.obj
 0001:00008ba0       ??_EControllerFilter@@UEAAPEAXI@Z 0000000180009ba0 f i CctCharacterController.obj
 0001:00008ba0       ??_GPxQueryFilterCallback@physx@@UEAAPEAXI@Z 0000000180009ba0 f i CctCharacterController.obj
 0001:00008ba0       ??_EPxQueryFilterCallback@physx@@UEAAPEAXI@Z 0000000180009ba0 f i CctCharacterController.obj
 0001:00008bd0       ?add@physx@@YAXAEAUPxExtendedBounds3@1@AEBU21@@Z 0000000180009bd0 f i CctCharacterController.obj
 0001:00008c40       ?copy@?$Array@VPxExtendedBox@physx@@VNamedAllocator@shdfnd@2@@shdfnd@physx@@KAXPEAVPxExtendedBox@3@0PEBV43@@Z 0000000180009c40 f i CctCharacterController.obj
 0001:00008e80       ?createController@CharacterControllerManager@Cct@physx@@UEAAPEAVPxController@3@AEAVPxPhysics@3@PEAVPxScene@3@AEBVPxControllerDesc@3@@Z 0000000180009e80 f i CctCharacterControllerManager.obj
 0001:00008e80       ?createController@PxControllerManager@physx@@UEAAPEAVPxController@2@AEAVPxPhysics@2@PEAVPxScene@2@AEBVPxControllerDesc@2@@Z 0000000180009e80 f i CctCharacterController.obj
 0001:00008ee0       ?getGlobalPose@PxShapeExt@physx@@SA?AVPxTransform@2@AEBVPxShape@2@AEBVPxRigidActor@2@@Z 0000000180009ee0 f i CctCharacterController.obj
 0001:000090c0       ?growAndPushBack@?$Array@UPxExtendedCapsule@physx@@VNamedAllocator@shdfnd@2@@shdfnd@physx@@IEAAAEAUPxExtendedCapsule@3@AEBU43@@Z 000000018000a0c0 f i CctCharacterController.obj
 0001:00009200       ?growAndPushBack@?$Array@VPxExtendedBox@physx@@VNamedAllocator@shdfnd@2@@shdfnd@physx@@IEAAAEAVPxExtendedBox@3@AEBV43@@Z 000000018000a200 f i CctCharacterController.obj
 0001:00009300       ?postFilter@ControllerFilter@@UEAA?AW4Enum@PxQueryHitType@physx@@AEBUPxFilterData@4@AEBUPxQueryHit@4@@Z 000000018000a300 f i CctCharacterController.obj
 0001:00009320       ?preFilter@ControllerFilter@@UEAA?AW4Enum@PxQueryHitType@physx@@AEBUPxFilterData@4@PEBVPxShape@4@PEBVPxRigidActor@4@AEAV?$PxFlags@W4Enum@PxHitFlag@physx@@G@4@@Z 000000018000a320 f i CctCharacterController.obj
 0001:00009430       ?recreate@?$Array@IVNamedAllocator@shdfnd@physx@@@shdfnd@physx@@IEAAXI@Z 000000018000a430 f i CctCharacterController.obj
 0001:000094d0       ?resizeUninitialized@?$Array@IVNamedAllocator@shdfnd@physx@@@shdfnd@physx@@QEAAXI@Z 000000018000a4d0 f i CctCharacterController.obj
 0001:00009540       ?getSceneTimestamp@Cct@physx@@YAIPEBUInternalCBData_FindTouchedGeom@12@@Z 000000018000a540 f   CctCharacterControllerCallbacks.obj
 0001:00009560       ?findTouchedGeometry@Cct@physx@@YAXPEBUInternalCBData_FindTouchedGeom@12@AEBUPxExtendedBounds3@2@AEAV?$Array@VPxTriangle@physx@@VNamedAllocator@shdfnd@2@@shdfnd@2@AEAV?$Array@IVNamedAllocator@shdfnd@physx@@@62@3AEBVCCTFilter@12@AEBUCCTParams@12@AEAG@Z 000000018000a560 f   CctCharacterControllerCallbacks.obj
 0001:00009b70       ?shapeHitCallback@Cct@physx@@YAIPEBUInternalCBData_OnHit@12@AEBUSweptContact@12@AEBVPxVec3@2@M@Z 000000018000ab70 f   CctCharacterControllerCallbacks.obj
 0001:00009c80       ?userHitCallback@Cct@physx@@YAIPEBUInternalCBData_OnHit@12@AEBUSweptContact@12@AEBVPxVec3@2@M@Z 000000018000ac80 f   CctCharacterControllerCallbacks.obj
 0001:0000ebd0       ?PxPlaneEquationFromTransform@physx@@YA?AVPxPlane@1@AEBVPxTransform@1@@Z 000000018000fbd0 f i CctCharacterControllerCallbacks.obj
 0001:0000ed20       ?copy@?$Array@VPxTriangle@physx@@VNamedAllocator@shdfnd@2@@shdfnd@physx@@KAXPEAVPxTriangle@3@0PEBV43@@Z 000000018000fd20 f i CctCharacterControllerCallbacks.obj
 0001:0000eda0       ?finalizeQuery@?$PxHitCallback@UPxSweepHit@physx@@@physx@@UEAAXXZ 000000018000fda0 f i PhysX3ExtensionsCHECKED:ExtRigidBodyExt.obj
 0001:0000eda0       ?finalizeQuery@?$PxHitCallback@UPxOverlapHit@physx@@@physx@@UEAAXXZ 000000018000fda0 f i CctCharacterControllerCallbacks.obj
 0001:0000eda0       ?finalizeQuery@?$PxHitCallback@UPxRaycastHit@physx@@@physx@@UEAAXXZ 000000018000fda0 f i CctCharacterController.obj
 0001:0000edb0       ?growAndPushBack@?$Array@IVNamedAllocator@shdfnd@physx@@@shdfnd@physx@@IEAAAEAIAEBI@Z 000000018000fdb0 f i CctCharacterControllerCallbacks.obj
 0001:0000ee80       ?growAndPushBack@?$Array@VPxTriangle@physx@@VNamedAllocator@shdfnd@2@@shdfnd@physx@@IEAAAEAVPxTriangle@3@AEBV43@@Z 000000018000fe80 f i CctCharacterControllerCallbacks.obj
 0001:0000ef80       ?recreate@?$Array@VPxTriangle@physx@@VNamedAllocator@shdfnd@2@@shdfnd@physx@@IEAAXI@Z 000000018000ff80 f i CctCharacterControllerCallbacks.obj
 0001:0000f000       ?resizeUninitialized@?$Array@VPxTriangle@physx@@VNamedAllocator@shdfnd@2@@shdfnd@physx@@QEAAXI@Z 0000000180010000 f i CctCharacterControllerCallbacks.obj
 0001:0000f070       PxCreateControllerManager  0000000180010070 f   CctCharacterControllerManager.obj
 0001:0000f110       ??0CharacterControllerManager@Cct@physx@@QEAA@AEAVPxScene@2@@Z 0000000180010110 f   CctCharacterControllerManager.obj
 0001:0000f2b0       ??1CharacterControllerManager@Cct@physx@@UEAA@XZ 00000001800102b0 f   CctCharacterControllerManager.obj
 0001:0000f400       ?release@CharacterControllerManager@Cct@physx@@UEAAXXZ 0000000180010400 f   CctCharacterControllerManager.obj
 0001:0000f630       ?getScene@CharacterControllerManager@Cct@physx@@UEBAAEAVPxScene@3@XZ 0000000180010630 f   CctCharacterControllerManager.obj
 0001:0000f640       ?getNbControllers@CharacterControllerManager@Cct@physx@@UEBAIXZ 0000000180010640 f   CctCharacterControllerManager.obj
 0001:0000f650       ?getController@CharacterControllerManager@Cct@physx@@UEAAPEAVPxController@3@I@Z 0000000180010650 f   CctCharacterControllerManager.obj
 0001:0000f6b0       ?createController@CharacterControllerManager@Cct@physx@@UEAAPEAVPxController@3@AEBVPxControllerDesc@3@@Z 00000001800106b0 f   CctCharacterControllerManager.obj
 0001:0000f8d0       ?purgeControllers@CharacterControllerManager@Cct@physx@@UEAAXXZ 00000001800108d0 f   CctCharacterControllerManager.obj
 0001:0000fab0       ?getRenderBuffer@CharacterControllerManager@Cct@physx@@UEAAAEAVPxRenderBuffer@3@XZ 0000000180010ab0 f   CctCharacterControllerManager.obj
 0001:0000fb60       ?setDebugRenderingFlags@CharacterControllerManager@Cct@physx@@UEAAXV?$PxFlags@W4Enum@PxControllerDebugRenderFlag@physx@@I@3@@Z 0000000180010b60 f   CctCharacterControllerManager.obj
 0001:0000fba0       ?getNbObstacleContexts@CharacterControllerManager@Cct@physx@@UEBAIXZ 0000000180010ba0 f   CctCharacterControllerManager.obj
 0001:0000fbb0       ?getObstacleContext@CharacterControllerManager@Cct@physx@@UEAAPEAVPxObstacleContext@3@I@Z 0000000180010bb0 f   CctCharacterControllerManager.obj
 0001:0000fc10       ?createObstacleContext@CharacterControllerManager@Cct@physx@@UEAAPEAVPxObstacleContext@3@XZ 0000000180010c10 f   CctCharacterControllerManager.obj
 0001:0000fcf0       ?computeInteractions@CharacterControllerManager@Cct@physx@@UEAAXMPEAVPxControllerFilterCallback@3@@Z 0000000180010cf0 f   CctCharacterControllerManager.obj
 0001:0000ff40       ?setTessellation@CharacterControllerManager@Cct@physx@@UEAAX_NM@Z 0000000180010f40 f   CctCharacterControllerManager.obj
 0001:0000ff60       ?setOverlapRecoveryModule@CharacterControllerManager@Cct@physx@@UEAAX_N@Z 0000000180010f60 f   CctCharacterControllerManager.obj
 0001:0000ff70       ?setPreciseSweeps@CharacterControllerManager@Cct@physx@@UEAAX_N@Z 0000000180010f70 f   CctCharacterControllerManager.obj
 0001:0000ff80       ?setPreventVerticalSlidingAgainstCeiling@CharacterControllerManager@Cct@physx@@UEAAX_N@Z 0000000180010f80 f   CctCharacterControllerManager.obj
 0001:0000ff90       ?shiftOrigin@CharacterControllerManager@Cct@physx@@UEAAXAEBVPxVec3@3@@Z 0000000180010f90 f   CctCharacterControllerManager.obj
 0001:00010060       ?onObstacleRemoved@CharacterControllerManager@Cct@physx@@QEBAXI@Z 0000000180011060 f   CctCharacterControllerManager.obj
 0001:000100b0       ?onObstacleUpdated@CharacterControllerManager@Cct@physx@@QEBAXIPEBVPxObstacleContext@3@@Z 00000001800110b0 f   CctCharacterControllerManager.obj
 0001:000101d0       ?onObstacleAdded@CharacterControllerManager@Cct@physx@@QEBAXIPEBVPxObstacleContext@3@@Z 00000001800111d0 f   CctCharacterControllerManager.obj
 0001:000102f0       ?releaseController@CharacterControllerManager@Cct@physx@@QEAAXAEAVPxController@3@@Z 00000001800112f0 f   CctCharacterControllerManager.obj
 0001:00010490       ?getControllers@CharacterControllerManager@Cct@physx@@QEAAPEAPEAVController@23@XZ 0000000180011490 f   CctCharacterControllerManager.obj
 0001:000104a0       ?releaseObstacleContext@CharacterControllerManager@Cct@physx@@QEAAXAEAVObstacleContext@23@@Z 00000001800114a0 f   CctCharacterControllerManager.obj
 0001:00010510       ?resetObstaclesBuffers@CharacterControllerManager@Cct@physx@@QEAAXXZ 0000000180011510 f   CctCharacterControllerManager.obj
 0001:00011700       ??$append@UPxDebugLine@physx@@@RenderBuffer@Cm@physx@@AEAAXAEAV?$Array@UPxDebugLine@physx@@VNamedAllocator@shdfnd@2@@shdfnd@2@PEBUPxDebugLine@2@I@Z 0000000180012700 f i CctCharacterControllerManager.obj
 0001:000117c0       ??$append@UPxDebugPoint@physx@@@RenderBuffer@Cm@physx@@AEAAXAEAV?$Array@UPxDebugPoint@physx@@VNamedAllocator@shdfnd@2@@shdfnd@2@PEBUPxDebugPoint@2@I@Z 00000001800127c0 f i CctCharacterControllerManager.obj
 0001:00011860       ??$append@UPxDebugText@physx@@@RenderBuffer@Cm@physx@@AEAAXAEAV?$Array@UPxDebugText@physx@@VNamedAllocator@shdfnd@2@@shdfnd@2@PEBUPxDebugText@2@I@Z 0000000180012860 f i CctCharacterControllerManager.obj
 0001:00011910       ??$append@UPxDebugTriangle@physx@@@RenderBuffer@Cm@physx@@AEAAXAEAV?$Array@UPxDebugTriangle@physx@@VNamedAllocator@shdfnd@2@@shdfnd@2@PEBUPxDebugTriangle@2@I@Z 0000000180012910 f i CctCharacterControllerManager.obj
 0001:000119f0       ??0RenderBuffer@Cm@physx@@QEAA@XZ 00000001800129f0 f i CctCharacterControllerManager.obj
 0001:00011b10       ??1RenderBuffer@Cm@physx@@UEAA@XZ 0000000180012b10 f i CctCharacterControllerManager.obj
 0001:00011bf0       ??_ECharacterControllerManager@Cct@physx@@UEAAPEAXI@Z 0000000180012bf0 f i CctCharacterControllerManager.obj
 0001:00011bf0       ??_GCharacterControllerManager@Cct@physx@@UEAAPEAXI@Z 0000000180012bf0 f i CctCharacterControllerManager.obj
 0001:00011c30       ??_EPxRenderBuffer@physx@@UEAAPEAXI@Z 0000000180012c30 f i CctCharacterControllerManager.obj
 0001:00011c30       ??_GPxRenderBuffer@physx@@UEAAPEAXI@Z 0000000180012c30 f i CctCharacterControllerManager.obj
 0001:00011c60       ??_GRenderBuffer@Cm@physx@@UEAAPEAXI@Z 0000000180012c60 f i CctCharacterControllerManager.obj
 0001:00011c60       ??_ERenderBuffer@Cm@physx@@UEAAPEAXI@Z 0000000180012c60 f i CctCharacterControllerManager.obj
 0001:00011ca0       ?append@RenderBuffer@Cm@physx@@UEAAXAEBVPxRenderBuffer@3@@Z 0000000180012ca0 f i CctCharacterControllerManager.obj
 0001:00011d60       ?clear@RenderBuffer@Cm@physx@@UEAAXXZ 0000000180012d60 f i CctCharacterControllerManager.obj
 0001:00011d80       ?copy@?$Array@UPxDebugLine@physx@@VNamedAllocator@shdfnd@2@@shdfnd@physx@@KAXPEAUPxDebugLine@3@0PEBU43@@Z 0000000180012d80 f i CctCharacterControllerManager.obj
 0001:00011f20       ?copy@?$Array@UPxDebugPoint@physx@@VNamedAllocator@shdfnd@2@@shdfnd@physx@@KAXPEAUPxDebugPoint@3@0PEBU43@@Z 0000000180012f20 f i CctCharacterControllerManager.obj
 0001:00012050       ?copy@?$Array@UPxDebugText@physx@@VNamedAllocator@shdfnd@2@@shdfnd@physx@@KAXPEAUPxDebugText@3@0PEBU43@@Z 0000000180013050 f i CctCharacterControllerManager.obj
 0001:000121c0       ?copy@?$Array@UPxDebugTriangle@physx@@VNamedAllocator@shdfnd@2@@shdfnd@physx@@KAXPEAUPxDebugTriangle@3@0PEBU43@@Z 00000001800131c0 f i CctCharacterControllerManager.obj
 0001:00012420       ?create@?$Array@VPxExtendedBox@physx@@VNamedAllocator@shdfnd@2@@shdfnd@physx@@KAXPEAVPxExtendedBox@3@0AEBV43@@Z 0000000180013420 f i CctCharacterControllerManager.obj
 0001:00012630       ?create@?$HashBase@PEAVPxShape@physx@@PEAV12@U?$Hash@PEAVPxShape@physx@@@shdfnd@2@UGetKey@?$HashSetBase@PEAVPxShape@physx@@U?$Hash@PEAVPxShape@physx@@@shdfnd@2@VAllocator@42@$0A@@internal@42@VAllocator@42@$0A@@internal@shdfnd@physx@@QEAAPEAPEAVPxShape@4@AEBQEAV54@AEA_N@Z 0000000180013630 f i CctCharacterControllerManager.obj
 0001:000127c0       ?getLines@RenderBuffer@Cm@physx@@UEBAPEBUPxDebugLine@3@XZ 00000001800137c0 f i CctCharacterControllerManager.obj
 0001:000127d0       ?getNbLines@RenderBuffer@Cm@physx@@UEBAIXZ 00000001800137d0 f i CctCharacterControllerManager.obj
 0001:000127e0       ?getNbTexts@RenderBuffer@Cm@physx@@UEBAIXZ 00000001800137e0 f i CctCharacterControllerManager.obj
 0001:000127f0       ?getNbTriangles@RenderBuffer@Cm@physx@@UEBAIXZ 00000001800137f0 f i CctCharacterControllerManager.obj
 0001:00012800       ?getPoints@RenderBuffer@Cm@physx@@UEBAPEBUPxDebugPoint@3@XZ 0000000180013800 f i CctCharacterControllerManager.obj
 0001:00012810       ?getTexts@RenderBuffer@Cm@physx@@UEBAPEBUPxDebugText@3@XZ 0000000180013810 f i CctCharacterControllerManager.obj
 0001:00012820       ?getTriangles@RenderBuffer@Cm@physx@@UEBAPEBUPxDebugTriangle@3@XZ 0000000180013820 f i CctCharacterControllerManager.obj
 0001:00012830       ?growAndPushBack@?$Array@PEAVController@Cct@physx@@VNamedAllocator@shdfnd@3@@shdfnd@physx@@IEAAAEAPEAVController@Cct@3@AEBQEAV453@@Z 0000000180013830 f i CctCharacterControllerManager.obj
 0001:00012830       ?growAndPushBack@?$Array@PEAVObstacleContext@Cct@physx@@VNamedAllocator@shdfnd@3@@shdfnd@physx@@IEAAAEAPEAVObstacleContext@Cct@3@AEBQEAV453@@Z 0000000180013830 f i CctCharacterControllerManager.obj
 0001:00012830       ?growAndPushBack@?$Array@PEBXVNamedAllocator@shdfnd@physx@@@shdfnd@physx@@IEAAAEAPEBXAEBQEBX@Z 0000000180013830 f i CctCharacterController.obj
 0001:00012900       ?growAndPushBack@?$Array@UPxDebugLine@physx@@VNamedAllocator@shdfnd@2@@shdfnd@physx@@IEAAAEAUPxDebugLine@3@AEBU43@@Z 0000000180013900 f i CctCharacterControllerManager.obj
 0001:000129f0       ?growAndPushBack@?$Array@UPxDebugPoint@physx@@VNamedAllocator@shdfnd@2@@shdfnd@physx@@IEAAAEAUPxDebugPoint@3@AEBU43@@Z 00000001800139f0 f i CctCharacterControllerManager.obj
 0001:00012ac0       ?growAndPushBack@?$Array@UPxDebugText@physx@@VNamedAllocator@shdfnd@2@@shdfnd@physx@@IEAAAEAUPxDebugText@3@AEBU43@@Z 0000000180013ac0 f i CctCharacterControllerManager.obj
 0001:00012ba0       ?growAndPushBack@?$Array@UPxDebugTriangle@physx@@VNamedAllocator@shdfnd@2@@shdfnd@physx@@IEAAAEAUPxDebugTriangle@3@AEBU43@@Z 0000000180013ba0 f i CctCharacterControllerManager.obj
 0001:00012cc0       ?recreate@?$Array@PEBXVNamedAllocator@shdfnd@physx@@@shdfnd@physx@@IEAAXI@Z 0000000180013cc0 f i CctCharacterControllerManager.obj
 0001:00012d60       ?recreate@?$Array@UPxDebugLine@physx@@VNamedAllocator@shdfnd@2@@shdfnd@physx@@IEAAXI@Z 0000000180013d60 f i CctCharacterControllerManager.obj
 0001:00012de0       ?recreate@?$Array@UPxDebugPoint@physx@@VNamedAllocator@shdfnd@2@@shdfnd@physx@@IEAAXI@Z 0000000180013de0 f i CctCharacterControllerManager.obj
 0001:00012e60       ?recreate@?$Array@UPxDebugText@physx@@VNamedAllocator@shdfnd@2@@shdfnd@physx@@IEAAXI@Z 0000000180013e60 f i CctCharacterControllerManager.obj
 0001:00012ee0       ?recreate@?$Array@UPxDebugTriangle@physx@@VNamedAllocator@shdfnd@2@@shdfnd@physx@@IEAAXI@Z 0000000180013ee0 f i CctCharacterControllerManager.obj
 0001:00012f60       ?recreate@?$Array@UPxExtendedCapsule@physx@@VNamedAllocator@shdfnd@2@@shdfnd@physx@@IEAAXI@Z 0000000180013f60 f i CctCharacterControllerManager.obj
 0001:00013030       ?recreate@?$Array@VPxExtendedBox@physx@@VNamedAllocator@shdfnd@2@@shdfnd@physx@@IEAAXI@Z 0000000180014030 f i CctCharacterControllerManager.obj
 0001:000130b0       ?reserveInternal@?$HashBase@PEAVPxShape@physx@@PEAV12@U?$Hash@PEAVPxShape@physx@@@shdfnd@2@UGetKey@?$HashSetBase@PEAVPxShape@physx@@U?$Hash@PEAVPxShape@physx@@@shdfnd@2@VAllocator@42@$0A@@internal@42@VAllocator@42@$0A@@internal@shdfnd@physx@@AEAAXI@Z 00000001800140b0 f i CctCharacterControllerManager.obj
 0001:00013380       ?resize@?$Array@PEBXVNamedAllocator@shdfnd@physx@@@shdfnd@physx@@QEAAXIAEBQEBX@Z 0000000180014380 f i CctCharacterControllerManager.obj
 0001:000133f0       ?resize@?$Array@UPxExtendedCapsule@physx@@VNamedAllocator@shdfnd@2@@shdfnd@physx@@QEAAXIAEBUPxExtendedCapsule@3@@Z 00000001800143f0 f i CctCharacterControllerManager.obj
 0001:00013490       ?resize@?$Array@VPxExtendedBox@physx@@VNamedAllocator@shdfnd@2@@shdfnd@physx@@QEAAXIAEBVPxExtendedBox@3@@Z 0000000180014490 f i CctCharacterControllerManager.obj
 0001:000134f0       ?shift@RenderBuffer@Cm@physx@@QEAAXAEBVPxVec3@3@@Z 00000001800144f0 f i CctCharacterControllerManager.obj
 0001:000136e0       ??0Controller@Cct@physx@@QEAA@AEBVPxControllerDesc@2@PEAVPxScene@2@@Z 00000001800146e0 f   CctController.obj
 0001:00013860       ??1Controller@Cct@physx@@UEAA@XZ 0000000180014860 f   CctController.obj
 0001:000138d0       ?releaseInternal@Controller@Cct@physx@@QEAAXXZ 00000001800148d0 f   CctController.obj
 0001:00013900       ?getInternalState@Controller@Cct@physx@@QEBAXAEAUPxControllerState@3@@Z 0000000180014900 f   CctController.obj
 0001:00013980       ?getInternalStats@Controller@Cct@physx@@QEBAXAEAUPxControllerStats@3@@Z 0000000180014980 f   CctController.obj
 0001:000139c0       ?onRelease@Controller@Cct@physx@@UEAAXPEBVPxBase@3@PEAXW4Enum@PxDeletionEventFlag@3@@Z 00000001800149c0 f   CctController.obj
 0001:000139d0       ?onOriginShift@Controller@Cct@physx@@QEAAXAEBVPxVec3@3@@Z 00000001800149d0 f   CctController.obj
 0001:00013a40       ?setUpDirectionInternal@Controller@Cct@physx@@IEAAXAEBVPxVec3@3@@Z 0000000180014a40 f   CctController.obj
 0001:00013b90       ?getKineShape@Controller@Cct@physx@@IEBAPEAVPxShape@3@XZ 0000000180014b90 f   CctController.obj
 0001:00013bd0       ?createProxyActor@Controller@Cct@physx@@IEAA_NAEAVPxPhysics@3@AEBVPxGeometry@3@AEBVPxMaterial@3@@Z 0000000180014bd0 f   CctController.obj
 0001:00013d00       ?setPos@Controller@Cct@physx@@IEAA_NAEBUPxExtendedVec3@3@@Z 0000000180014d00 f   CctController.obj
 0001:00013df0       ??_EController@Cct@physx@@UEAAPEAXI@Z 0000000180014df0 f i CctController.obj
 0001:00013df0       ??_GController@Cct@physx@@UEAAPEAXI@Z 0000000180014df0 f i CctController.obj
 0001:00013e80       ??_GPxDeletionListener@physx@@MEAAPEAXI@Z 0000000180014e80 f i CctController.obj
 0001:00013e80       ??_EPxDeletionListener@physx@@MEAAPEAXI@Z 0000000180014e80 f i CctController.obj
 0001:00013eb0       ?rotationArc@shdfnd@physx@@YA?AVPxQuat@2@AEBVPxVec3@2@0@Z 0000000180014eb0 f i CctController.obj
 0001:000140d0       ??0HandleManager@Cct@physx@@QEAA@XZ 00000001800150d0 f   CctObstacleContext.obj
 0001:000141c0       ??1HandleManager@Cct@physx@@QEAA@XZ 00000001800151c0 f   CctObstacleContext.obj
 0001:000141f0       ?Add@HandleManager@Cct@physx@@QEAAIPEAX@Z 00000001800151f0 f   CctObstacleContext.obj
 0001:00014430       ?Remove@HandleManager@Cct@physx@@QEAAXI@Z 0000000180015430 f   CctObstacleContext.obj
 0001:00014510       ?GetObject@HandleManager@Cct@physx@@QEBAPEAXI@Z 0000000180015510 f   CctObstacleContext.obj
 0001:00014570       ?UpdateObject@HandleManager@Cct@physx@@QEAA_NIPEAX@Z 0000000180015570 f   CctObstacleContext.obj
 0001:000145d0       ?SetupLists@HandleManager@Cct@physx@@AEAA_NPEAPEAXPEAG11@Z 00000001800155d0 f   CctObstacleContext.obj
 0001:00014680       ??0ObstacleContext@Cct@physx@@QEAA@AEAVCharacterControllerManager@12@@Z 0000000180015680 f   CctObstacleContext.obj
 0001:00014730       ??1ObstacleContext@Cct@physx@@UEAA@XZ 0000000180015730 f   CctObstacleContext.obj
 0001:000147d0       ?release@ObstacleContext@Cct@physx@@UEAAXXZ 00000001800157d0 f   CctObstacleContext.obj
 0001:000147f0       ?getControllerManager@ObstacleContext@Cct@physx@@UEBAAEAVPxControllerManager@3@XZ 00000001800157f0 f   CctObstacleContext.obj
 0001:00014800       ?addObstacle@ObstacleContext@Cct@physx@@UEAAIAEBVPxObstacle@3@@Z 0000000180015800 f   CctObstacleContext.obj
 0001:00014a60       ?removeObstacle@ObstacleContext@Cct@physx@@UEAA_NI@Z 0000000180015a60 f   CctObstacleContext.obj
 0001:00014ca0       ?updateObstacle@ObstacleContext@Cct@physx@@UEAA_NIAEBVPxObstacle@3@@Z 0000000180015ca0 f   CctObstacleContext.obj
 0001:00014e40       ?getNbObstacles@ObstacleContext@Cct@physx@@UEBAIXZ 0000000180015e40 f   CctObstacleContext.obj
 0001:00014e50       ?getObstacle@ObstacleContext@Cct@physx@@UEBAPEBVPxObstacle@3@I@Z 0000000180015e50 f   CctObstacleContext.obj
 0001:00014ea0       ?getObstacleByHandle@ObstacleContext@Cct@physx@@UEBAPEBVPxObstacle@3@I@Z 0000000180015ea0 f   CctObstacleContext.obj
 0001:00014f40       ?raycastSingle@ObstacleContext@Cct@physx@@QEBAPEBVPxObstacle@3@AEAUPxRaycastHit@3@AEBVPxVec3@3@1MAEAI@Z 0000000180015f40 f   CctObstacleContext.obj
 0001:00015300       ?raycastSingle@ObstacleContext@Cct@physx@@QEBAPEBVPxObstacle@3@AEAUPxRaycastHit@3@AEBIAEBVPxVec3@3@2M@Z 0000000180016300 f   CctObstacleContext.obj
 0001:00015580       ?onOriginShift@ObstacleContext@Cct@physx@@QEAAXAEBVPxVec3@3@@Z 0000000180016580 f   CctObstacleContext.obj
 0001:00015800       ??_EObstacleContext@Cct@physx@@UEAAPEAXI@Z 0000000180016800 f i CctObstacleContext.obj
 0001:00015800       ??_GObstacleContext@Cct@physx@@UEAAPEAXI@Z 0000000180016800 f i CctObstacleContext.obj
 0001:00015840       ??_GPxObstacleContext@physx@@UEAAPEAXI@Z 0000000180016840 f i CctObstacleContext.obj
 0001:00015840       ??_EPxObstacleContext@physx@@UEAAPEAXI@Z 0000000180016840 f i CctObstacleContext.obj
 0001:00015870       ?copy@?$Array@UInternalBoxObstacle@ObstacleContext@Cct@physx@@VNamedAllocator@shdfnd@4@@shdfnd@physx@@KAXPEAUInternalBoxObstacle@ObstacleContext@Cct@3@0PEBU4563@@Z 0000000180016870 f i CctObstacleContext.obj
 0001:00015b60       ?copy@?$Array@UInternalCapsuleObstacle@ObstacleContext@Cct@physx@@VNamedAllocator@shdfnd@4@@shdfnd@physx@@KAXPEAUInternalCapsuleObstacle@ObstacleContext@Cct@3@0PEBU4563@@Z 0000000180016b60 f i CctObstacleContext.obj
 0001:00015e10       ?growAndPushBack@?$Array@UInternalBoxObstacle@ObstacleContext@Cct@physx@@VNamedAllocator@shdfnd@4@@shdfnd@physx@@IEAAAEAUInternalBoxObstacle@ObstacleContext@Cct@3@AEBU4563@@Z 0000000180016e10 f i CctObstacleContext.obj
 0001:00015f30       ?growAndPushBack@?$Array@UInternalCapsuleObstacle@ObstacleContext@Cct@physx@@VNamedAllocator@shdfnd@4@@shdfnd@physx@@IEAAAEAUInternalCapsuleObstacle@ObstacleContext@Cct@3@AEBU4563@@Z 0000000180016f30 f i CctObstacleContext.obj
 0001:00016050       ?replaceWithLast@?$Array@UInternalCapsuleObstacle@ObstacleContext@Cct@physx@@VNamedAllocator@shdfnd@4@@shdfnd@physx@@QEAAXI@Z 0000000180017050 f i CctObstacleContext.obj
 0001:000160e0       ??0SweptBox@Cct@physx@@QEAA@XZ 00000001800170e0 f   CctSweptBox.obj
 0001:00016110       ??1SweptBox@Cct@physx@@UEAA@XZ 0000000180017110 f   CctSweptBox.obj
 0001:00016130       ?computeTemporalBox@SweptBox@Cct@physx@@UEBAXAEBVSweepTest@23@AEAUPxExtendedBounds3@3@AEBUPxExtendedVec3@3@AEBVPxVec3@3@@Z 0000000180017130 f   CctSweptBox.obj
 0001:000161c0       ??_ESweptBox@Cct@physx@@UEAAPEAXI@Z 00000001800171c0 f i CctSweptBox.obj
 0001:000161c0       ??_GSweptBox@Cct@physx@@UEAAPEAXI@Z 00000001800171c0 f i CctSweptBox.obj
 0001:00016200       ??0SweptCapsule@Cct@physx@@QEAA@XZ 0000000180017200 f   CctSweptCapsule.obj
 0001:00016230       ??1SweptCapsule@Cct@physx@@UEAA@XZ 0000000180017230 f   CctSweptCapsule.obj
 0001:00016250       ?computeTemporalBox@SweptCapsule@Cct@physx@@UEBAXAEBVSweepTest@23@AEAUPxExtendedBounds3@3@AEBUPxExtendedVec3@3@AEBVPxVec3@3@@Z 0000000180017250 f   CctSweptCapsule.obj
 0001:000162d0       ??_ESweptCapsule@Cct@physx@@UEAAPEAXI@Z 00000001800172d0 f i CctSweptCapsule.obj
 0001:000162d0       ??_GSweptCapsule@Cct@physx@@UEAAPEAXI@Z 00000001800172d0 f i CctSweptCapsule.obj
 0001:00016310       ??0SweptVolume@Cct@physx@@QEAA@XZ 0000000180017310 f   CctSweptVolume.obj
 0001:00016330       ??1SweptVolume@Cct@physx@@UEAA@XZ 0000000180017330 f   CctSweptVolume.obj
 0001:00016350       ?computeTemporalBox@Cct@physx@@YAXAEAUPxExtendedBounds3@2@MMMMAEBVPxVec3@2@AEBUPxExtendedVec3@2@1@Z 0000000180017350 f   CctSweptVolume.obj
 0001:00016760       ??_ESweptVolume@Cct@physx@@UEAAPEAXI@Z 0000000180017760 f i CctSweptVolume.obj
 0001:00016760       ??_GSweptVolume@Cct@physx@@UEAAPEAXI@Z 0000000180017760 f i CctSweptVolume.obj
 0001:00016790       ??0PxMeshOverlapUtil@physx@@QEAA@XZ 0000000180017790 f   PhysX3ExtensionsCHECKED:ExtTriangleMeshExt.obj
 0001:000167c0       ??1PxMeshOverlapUtil@physx@@QEAA@XZ 00000001800177c0 f   PhysX3ExtensionsCHECKED:ExtTriangleMeshExt.obj
 0001:000167f0       ?findOverlap@PxMeshOverlapUtil@physx@@QEAAIAEBVPxGeometry@2@AEBVPxTransform@2@AEBVPxTriangleMeshGeometry@2@1@Z 00000001800177f0 f   PhysX3ExtensionsCHECKED:ExtTriangleMeshExt.obj
 0001:00016920       ?findOverlap@PxMeshOverlapUtil@physx@@QEAAIAEBVPxGeometry@2@AEBVPxTransform@2@AEBVPxHeightFieldGeometry@2@1@Z 0000000180017920 f   PhysX3ExtensionsCHECKED:ExtTriangleMeshExt.obj
 0001:00016a30       ?PxComputeMeshPenetration@physx@@YA?AVPxVec3@1@IAEBVPxGeometry@1@AEBVPxTransform@1@AEBVPxTriangleMeshGeometry@1@1AEAI@Z 0000000180017a30 f   PhysX3ExtensionsCHECKED:ExtTriangleMeshExt.obj
 0001:00016b90       ?PxComputeHeightFieldPenetration@physx@@YA?AVPxVec3@1@IAEBVPxGeometry@1@AEBVPxTransform@1@AEBVPxHeightFieldGeometry@1@1AEAI@Z 0000000180017b90 f   PhysX3ExtensionsCHECKED:ExtTriangleMeshExt.obj
 0001:00016cf0       ?updateMassAndInertia@PxRigidBodyExt@physx@@SA_NAEAVPxRigidBody@2@PEBMIPEBVPxVec3@2@_N@Z 0000000180017cf0 f   PhysX3ExtensionsCHECKED:ExtRigidBodyExt.obj
 0001:00016d20       ?updateMassAndInertia@PxRigidBodyExt@physx@@SA_NAEAVPxRigidBody@2@MPEBVPxVec3@2@_N@Z 0000000180017d20 f   PhysX3ExtensionsCHECKED:ExtRigidBodyExt.obj
 0001:00016d60       ?setMassAndUpdateInertia@PxRigidBodyExt@physx@@SA_NAEAVPxRigidBody@2@PEBMIPEBVPxVec3@2@_N@Z 0000000180017d60 f   PhysX3ExtensionsCHECKED:ExtRigidBodyExt.obj
 0001:00016d90       ?setMassAndUpdateInertia@PxRigidBodyExt@physx@@SA_NAEAVPxRigidBody@2@MPEBVPxVec3@2@_N@Z 0000000180017d90 f   PhysX3ExtensionsCHECKED:ExtRigidBodyExt.obj
 0001:00016dd0       ?addForceAtPos@PxRigidBodyExt@physx@@SAXAEAVPxRigidBody@2@AEBVPxVec3@2@1W4Enum@PxForceMode@2@_N@Z 0000000180017dd0 f   PhysX3ExtensionsCHECKED:ExtRigidBodyExt.obj
 0001:00016df0       ?addForceAtLocalPos@PxRigidBodyExt@physx@@SAXAEAVPxRigidBody@2@AEBVPxVec3@2@1W4Enum@PxForceMode@2@_N@Z 0000000180017df0 f   PhysX3ExtensionsCHECKED:ExtRigidBodyExt.obj
 0001:00016fc0       ?addLocalForceAtPos@PxRigidBodyExt@physx@@SAXAEAVPxRigidBody@2@AEBVPxVec3@2@1W4Enum@PxForceMode@2@_N@Z 0000000180017fc0 f   PhysX3ExtensionsCHECKED:ExtRigidBodyExt.obj
 0001:00017180       ?addLocalForceAtLocalPos@PxRigidBodyExt@physx@@SAXAEAVPxRigidBody@2@AEBVPxVec3@2@1W4Enum@PxForceMode@2@_N@Z 0000000180018180 f   PhysX3ExtensionsCHECKED:ExtRigidBodyExt.obj
 0001:00017470       ?getVelocityAtPos@PxRigidBodyExt@physx@@SA?AVPxVec3@2@AEBVPxRigidBody@2@AEBV32@@Z 0000000180018470 f   PhysX3ExtensionsCHECKED:ExtRigidBodyExt.obj
 0001:00017670       ?getLocalVelocityAtLocalPos@PxRigidBodyExt@physx@@SA?AVPxVec3@2@AEBVPxRigidBody@2@AEBV32@@Z 0000000180018670 f   PhysX3ExtensionsCHECKED:ExtRigidBodyExt.obj
 0001:000179b0       ?getVelocityAtOffset@PxRigidBodyExt@physx@@SA?AVPxVec3@2@AEBVPxRigidBody@2@AEBV32@@Z 00000001800189b0 f   PhysX3ExtensionsCHECKED:ExtRigidBodyExt.obj
 0001:00017b90       ?linearSweepSingle@PxRigidBodyExt@physx@@SA_NAEAVPxRigidBody@2@AEAVPxScene@2@AEBVPxVec3@2@MV?$PxFlags@W4Enum@PxHitFlag@physx@@G@2@AEAUPxSweepHit@2@AEAIAEBUPxQueryFilterData@2@PEAVPxQueryFilterCallback@2@PEBUPxQueryCache@2@M@Z 0000000180018b90 f   PhysX3ExtensionsCHECKED:ExtRigidBodyExt.obj
 0001:00017e60       ?linearSweepMultiple@PxRigidBodyExt@physx@@SAIAEAVPxRigidBody@2@AEAVPxScene@2@AEBVPxVec3@2@MV?$PxFlags@W4Enum@PxHitFlag@physx@@G@2@PEAUPxSweepHit@2@PEAIIAEAU72@AEAHAEA_NAEBUPxQueryFilterData@2@PEAVPxQueryFilterCallback@2@PEBUPxQueryCache@2@M@Z 0000000180018e60 f   PhysX3ExtensionsCHECKED:ExtRigidBodyExt.obj
 0001:00018500       ?computeVelocityDeltaFromImpulse@PxRigidBodyExt@physx@@SAXAEBVPxRigidBody@2@AEBVPxVec3@2@1AEAV42@2@Z 0000000180019500 f   PhysX3ExtensionsCHECKED:ExtRigidBodyExt.obj
 0001:000188e0       ?computeVelocityDeltaFromImpulse@PxRigidBodyExt@physx@@SAXAEBVPxRigidBody@2@AEBVPxTransform@2@AEBVPxVec3@2@2MMAEAV52@3@Z 00000001800198e0 f   PhysX3ExtensionsCHECKED:ExtRigidBodyExt.obj
 0001:00018d40       ?computeLinearAngularImpulse@PxRigidBodyExt@physx@@SAXAEBVPxRigidBody@2@AEBVPxTransform@2@AEBVPxVec3@2@2MMAEAV52@3@Z 0000000180019d40 f   PhysX3ExtensionsCHECKED:ExtRigidBodyExt.obj
 0001:00018f90       ??0InertiaTensorComputer@Ext@physx@@QEAA@_N@Z 0000000180019f90 f   PhysX3ExtensionsCHECKED:ExtRigidBodyExt.obj
 0001:00018fc0       ??0InertiaTensorComputer@Ext@physx@@QEAA@AEBVPxMat33@2@AEBVPxVec3@2@M@Z 0000000180019fc0 f   PhysX3ExtensionsCHECKED:ExtRigidBodyExt.obj
 0001:00019020       ??1InertiaTensorComputer@Ext@physx@@QEAA@XZ 000000018001a020 f   PhysX3ExtensionsCHECKED:ExtRigidBodyExt.obj
 0001:00019030       ?translate@InertiaTensorComputer@Ext@physx@@QEAAXAEBVPxVec3@3@@Z 000000018001a030 f   PhysX3ExtensionsCHECKED:ExtRigidBodyExt.obj
 0001:00019600       ?setBox@InertiaTensorComputer@Ext@physx@@QEAAXAEBVPxVec3@3@@Z 000000018001a600 f   PhysX3ExtensionsCHECKED:ExtRigidBodyExt.obj
 0001:000196a0       ?setSphere@InertiaTensorComputer@Ext@physx@@QEAAXM@Z 000000018001a6a0 f   PhysX3ExtensionsCHECKED:ExtRigidBodyExt.obj
 0001:00019700       ?setCylinder@InertiaTensorComputer@Ext@physx@@QEAAXHMM@Z 000000018001a700 f   PhysX3ExtensionsCHECKED:ExtRigidBodyExt.obj
 0001:000197d0       ?setCapsule@InertiaTensorComputer@Ext@physx@@QEAAXHMM@Z 000000018001a7d0 f   PhysX3ExtensionsCHECKED:ExtRigidBodyExt.obj
 0001:00019920       ?setEllipsoid@InertiaTensorComputer@Ext@physx@@QEAAXMMM@Z 000000018001a920 f   PhysX3ExtensionsCHECKED:ExtRigidBodyExt.obj
 0001:000199c0       ?computeSphereMass@Ext@physx@@YAMMM@Z 000000018001a9c0 f   PhysX3ExtensionsCHECKED:ExtRigidBodyExt.obj
 0001:000199f0       ?computeSphereDensity@Ext@physx@@YAMMM@Z 000000018001a9f0 f   PhysX3ExtensionsCHECKED:ExtRigidBodyExt.obj
 0001:00019a20       ?computeBoxMass@Ext@physx@@YAMAEBVPxVec3@2@M@Z 000000018001aa20 f   PhysX3ExtensionsCHECKED:ExtRigidBodyExt.obj
 0001:00019a70       ?computeBoxDensity@Ext@physx@@YAMAEBVPxVec3@2@M@Z 000000018001aa70 f   PhysX3ExtensionsCHECKED:ExtRigidBodyExt.obj
 0001:00019ac0       ?computeEllipsoidMass@Ext@physx@@YAMAEBVPxVec3@2@M@Z 000000018001aac0 f   PhysX3ExtensionsCHECKED:ExtRigidBodyExt.obj
 0001:00019b10       ?computeEllipsoidDensity@Ext@physx@@YAMAEBVPxVec3@2@M@Z 000000018001ab10 f   PhysX3ExtensionsCHECKED:ExtRigidBodyExt.obj
 0001:00019b60       ?computeCylinderMass@Ext@physx@@YAMMMM@Z 000000018001ab60 f   PhysX3ExtensionsCHECKED:ExtRigidBodyExt.obj
 0001:00019b90       ?computeCylinderDensity@Ext@physx@@YAMMMM@Z 000000018001ab90 f   PhysX3ExtensionsCHECKED:ExtRigidBodyExt.obj
 0001:00019bc0       ?computeCapsuleMass@Ext@physx@@YAMMMM@Z 000000018001abc0 f   PhysX3ExtensionsCHECKED:ExtRigidBodyExt.obj
 0001:00019c00       ?computeCapsuleDensity@Ext@physx@@YAMMMM@Z 000000018001ac00 f   PhysX3ExtensionsCHECKED:ExtRigidBodyExt.obj
 0001:00019c40       ?computeConeMass@Ext@physx@@YAMMMM@Z 000000018001ac40 f   PhysX3ExtensionsCHECKED:ExtRigidBodyExt.obj
 0001:00019c70       ?computeConeDensity@Ext@physx@@YAMMMM@Z 000000018001ac70 f   PhysX3ExtensionsCHECKED:ExtRigidBodyExt.obj
 0001:00019ca0       ?computeBoxInertiaTensor@Ext@physx@@YAXAEAVPxVec3@2@MMMM@Z 000000018001aca0 f   PhysX3ExtensionsCHECKED:ExtRigidBodyExt.obj
 0001:00019cf0       ?computeSphereInertiaTensor@Ext@physx@@YAXAEAVPxVec3@2@MM_N@Z 000000018001acf0 f   PhysX3ExtensionsCHECKED:ExtRigidBodyExt.obj
 0001:0001b710       ??_G?$PxHitCallback@UPxSweepHit@physx@@@physx@@UEAAPEAXI@Z 000000018001c710 f i PhysX3ExtensionsCHECKED:ExtRigidBodyExt.obj
 0001:0001b710       ??_E?$PxHitBuffer@UPxOverlapHit@physx@@@physx@@UEAAPEAXI@Z 000000018001c710 f i CctCharacterControllerCallbacks.obj
 0001:0001b710       ??_E?$PxHitCallback@UPxSweepHit@physx@@@physx@@UEAAPEAXI@Z 000000018001c710 f i PhysX3ExtensionsCHECKED:ExtRigidBodyExt.obj
 0001:0001b710       ??_E?$PxHitCallback@UPxOverlapHit@physx@@@physx@@UEAAPEAXI@Z 000000018001c710 f i CctCharacterControllerCallbacks.obj
 0001:0001b710       ??_G?$PxHitCallback@UPxOverlapHit@physx@@@physx@@UEAAPEAXI@Z 000000018001c710 f i CctCharacterControllerCallbacks.obj
 0001:0001b710       ??_E?$PxHitBuffer@UPxSweepHit@physx@@@physx@@UEAAPEAXI@Z 000000018001c710 f i PhysX3ExtensionsCHECKED:ExtRigidBodyExt.obj
 0001:0001b710       ??_G?$PxHitBuffer@UPxSweepHit@physx@@@physx@@UEAAPEAXI@Z 000000018001c710 f i PhysX3ExtensionsCHECKED:ExtRigidBodyExt.obj
 0001:0001b710       ??_E?$PxHitBuffer@UPxRaycastHit@physx@@@physx@@UEAAPEAXI@Z 000000018001c710 f i CctCharacterController.obj
 0001:0001b710       ??_E?$PxHitCallback@UPxRaycastHit@physx@@@physx@@UEAAPEAXI@Z 000000018001c710 f i CctCharacterController.obj
 0001:0001b710       ??_G?$PxHitBuffer@UPxOverlapHit@physx@@@physx@@UEAAPEAXI@Z 000000018001c710 f i CctCharacterControllerCallbacks.obj
 0001:0001b710       ??_G?$PxHitBuffer@UPxRaycastHit@physx@@@physx@@UEAAPEAXI@Z 000000018001c710 f i CctCharacterController.obj
 0001:0001b710       ??_G?$PxHitCallback@UPxRaycastHit@physx@@@physx@@UEAAPEAXI@Z 000000018001c710 f i CctCharacterController.obj
 0001:0001b740       ?addForceAtPosInternal@@YAXAEAVPxRigidBody@physx@@AEBVPxVec3@2@1W4Enum@PxForceMode@2@_N@Z 000000018001c740 f i PhysX3ExtensionsCHECKED:ExtRigidBodyExt.obj
 0001:0001ba00       ?getVelocityAtPosInternal@@YA?AVPxVec3@physx@@AEBVPxRigidBody@2@AEBV12@@Z 000000018001ca00 f i PhysX3ExtensionsCHECKED:ExtRigidBodyExt.obj
 0001:0001bad0       ?processTouches@?$PxHitBuffer@UPxRaycastHit@physx@@@physx@@MEAA_NPEBUPxRaycastHit@2@I@Z 000000018001cad0 f i CctCharacterController.obj
 0001:0001bad0       ?processTouches@?$PxHitBuffer@UPxOverlapHit@physx@@@physx@@MEAA_NPEBUPxOverlapHit@2@I@Z 000000018001cad0 f i CctCharacterControllerCallbacks.obj
 0001:0001bad0       ?processTouches@?$PxHitBuffer@UPxSweepHit@physx@@@physx@@MEAA_NPEBUPxSweepHit@2@I@Z 000000018001cad0 f i PhysX3ExtensionsCHECKED:ExtRigidBodyExt.obj
 0001:0001bae0       ?recreate@?$Array@PEAVPxShape@physx@@V?$InlineAllocator@$0IA@VNamedAllocator@shdfnd@physx@@@shdfnd@2@@shdfnd@physx@@IEAAXI@Z 000000018001cae0 f i PhysX3ExtensionsCHECKED:ExtRigidBodyExt.obj
 0001:0001bbb0       ?resize@?$Array@PEAVPxShape@physx@@V?$InlineAllocator@$0IA@VNamedAllocator@shdfnd@physx@@@shdfnd@2@@shdfnd@physx@@QEAAXIAEBQEAVPxShape@3@@Z 000000018001cbb0 f i PhysX3ExtensionsCHECKED:ExtRigidBodyExt.obj
 0001:0001bc20       ?rotate@InertiaTensorComputer@Ext@physx@@QEAAXAEBVPxMat33@3@@Z 000000018001cc20 f i PhysX3ExtensionsCHECKED:ExtRigidBodyExt.obj
 0001:0001c0d0       ?rotateInertia@MassProps@Ext@physx@@SA?AVPxMat33@3@AEBV43@AEBVPxQuat@3@@Z 000000018001d0d0 f i PhysX3ExtensionsCHECKED:ExtRigidBodyExt.obj
 0001:0001c590       ?scaleInertia@MassProps@Ext@physx@@SA?AVPxMat33@3@AEBV43@AEBVPxQuat@3@AEBVPxVec3@3@@Z 000000018001d590 f i PhysX3ExtensionsCHECKED:ExtRigidBodyExt.obj
 0001:0001c780       ?transform@InertiaTensorComputer@Ext@physx@@QEAAXAEBVPxTransform@3@@Z 000000018001d780 f i PhysX3ExtensionsCHECKED:ExtRigidBodyExt.obj
 0001:0001c910       ?transformFast@PxBounds3@physx@@SA?AV12@AEBVPxTransform@2@AEBV12@@Z 000000018001d910 f i PhysX3ExtensionsCHECKED:ExtRigidBodyExt.obj
 0001:0001cd64       _purecall                  000000018001dd64 f   LIBCMT:purevirt.obj
 0001:0001cd98       ??3@YAXPEAX@Z              000000018001dd98 f   LIBCMT:delete.obj
 0001:0001cda0       _fpmath                    000000018001dda0 f   LIBCMT:fpinit.obj
 0001:0001cda8       _cfltcvt_init              000000018001dda8 f   LIBCMT:fpinit.obj
 0001:0001ce30       ??_V@YAXPEAX@Z             000000018001de30 f   LIBCMT:delete2.obj
 0001:0001ce50       _alloca_probe              000000018001de50     LIBCMT:chkstk.obj
 0001:0001ce50       __chkstk                   000000018001de50 f   LIBCMT:chkstk.obj
 0001:0001cea0       ??_Etype_info@@UEAAPEAXI@Z 000000018001dea0 f i LIBCMT:typinfo.obj
 0001:0001cea0       ??_Gtype_info@@UEAAPEAXI@Z 000000018001dea0 f i LIBCMT:typinfo.obj
 0001:0001cedc       ?name@type_info@@QEBAPEBDPEAU__type_info_node@@@Z 000000018001dedc f   LIBCMT:typinfo.obj
 0001:0001cf00       memmove                    000000018001df00     LIBCMT:memcpy.obj
 0001:0001cf00       memcpy                     000000018001df00 f   LIBCMT:memcpy.obj
 0001:0001d400       memset                     000000018001e400 f   LIBCMT:memset.obj
 0001:0001d50c       _fpclass                   000000018001e50c f   LIBCMT:ieeemisc.obj
 0001:0001d5bc       _CRT_INIT                  000000018001e5bc f   LIBCMT:dllcrt0.obj
 0001:0001d71c       _DllMainCRTStartup         000000018001e71c f   LIBCMT:dllcrt0.obj
 0001:0001d87c       _FF_MSGBANNER              000000018001e87c f   LIBCMT:crt0msg.obj
 0001:0001d8c0       _GET_RTERRMSG              000000018001e8c0 f   LIBCMT:crt0msg.obj
 0001:0001d8f0       _NMSG_WRITE                000000018001e8f0 f   LIBCMT:crt0msg.obj
 0001:0001db60       _set_abort_behavior        000000018001eb60 f   LIBCMT:abort.obj
 0001:0001db7c       abort                      000000018001eb7c f   LIBCMT:abort.obj
 0001:0001dbd4       _initp_misc_purevirt       000000018001ebd4 f   LIBCMT:inithelp.obj
 0001:0001dbdc       free                       000000018001ebdc f   LIBCMT:free.obj
 0001:0001dc1c       ??0_LocaleUpdate@@QEAA@PEAUlocaleinfo_struct@@@Z 000000018001ec1c f i LIBCMT:cvt.obj
 0001:0001dcc4       _cfltcvt                   000000018001ecc4 f   LIBCMT:cvt.obj
 0001:0001dce8       _cfltcvt_l                 000000018001ece8 f   LIBCMT:cvt.obj
 0001:0001dd68       _cftoa_l                   000000018001ed68 f   LIBCMT:cvt.obj
 0001:0001e314       _cftoe_l                   000000018001f314 f   LIBCMT:cvt.obj
 0001:0001e570       _cftof_l                   000000018001f570 f   LIBCMT:cvt.obj
 0001:0001e644       _cftog_l                   000000018001f644 f   LIBCMT:cvt.obj
 0001:0001e778       _cropzeros                 000000018001f778 f   LIBCMT:cvt.obj
 0001:0001e780       _cropzeros_l               000000018001f780 f   LIBCMT:cvt.obj
 0001:0001e818       _fassign                   000000018001f818 f   LIBCMT:cvt.obj
 0001:0001e820       _fassign_l                 000000018001f820 f   LIBCMT:cvt.obj
 0001:0001e860       _forcdecpt                 000000018001f860 f   LIBCMT:cvt.obj
 0001:0001e868       _forcdecpt_l               000000018001f868 f   LIBCMT:cvt.obj
 0001:0001e8e8       _positive                  000000018001f8e8 f   LIBCMT:cvt.obj
 0001:0001e8fc       _initp_misc_cfltcvt_tab    000000018001f8fc f   LIBCMT:cmiscdat.obj
 0001:0001e950       strcmp                     000000018001f950 f   LIBCMT:strcmp.obj
 0001:0001e9b8       ?_Name_base@type_info@@CAPEBDPEBV1@PEAU__type_info_node@@@Z 000000018001f9b8 f   LIBCMT:typname.obj
 0001:0001eaec       ?_Type_info_dtor@type_info@@CAXPEAV1@@Z 000000018001faec f   LIBCMT:typname.obj
 0001:0001eb58       __isa_available_init       000000018001fb58 f   LIBCMT:cpu_disp.obj
 0001:0001ec60       _XcptFilter                000000018001fc60 f   LIBCMT:winxfltr.obj
 0001:0001ee2c       __CppXcptFilter            000000018001fe2c f   LIBCMT:winxfltr.obj
 0001:0001ee40       _freefls                   000000018001fe40 f   LIBCMT:tidtable.obj
 0001:0001ef74       _freeptd                   000000018001ff74 f   LIBCMT:tidtable.obj
 0001:0001efb0       _getptd                    000000018001ffb0 f   LIBCMT:tidtable.obj
 0001:0001efd4       _getptd_noexit             000000018001ffd4 f   LIBCMT:tidtable.obj
 0001:0001f058       _initptd                   0000000180020058 f   LIBCMT:tidtable.obj
 0001:0001f11c       _mtinit                    000000018002011c f   LIBCMT:tidtable.obj
 0001:0001f19c       _mtterm                    000000018002019c f   LIBCMT:tidtable.obj
 0001:0001f1c0       __crtCorExitProcess        00000001800201c0 f   LIBCMT:crt0dat.obj
 0001:0001f204       __crtExitProcess           0000000180020204 f   LIBCMT:crt0dat.obj
 0001:0001f21c       __freeCrtMemory            000000018002021c f   LIBCMT:crt0dat.obj
 0001:0001f364       _amsg_exit                 0000000180020364 f   LIBCMT:crt0dat.obj
 0001:0001f38c       _cexit                     000000018002038c f   LIBCMT:crt0dat.obj
 0001:0001f39c       _cinit                     000000018002039c f   LIBCMT:crt0dat.obj
 0001:0001f44c       _exit                      000000018002044c f   LIBCMT:crt0dat.obj
 0001:0001f458       _init_pointers             0000000180020458 f   LIBCMT:crt0dat.obj
 0001:0001f4d8       _initterm_e                00000001800204d8 f   LIBCMT:crt0dat.obj
 0001:0001f514       _lockexit                  0000000180020514 f   LIBCMT:crt0dat.obj
 0001:0001f520       _unlockexit                0000000180020520 f   LIBCMT:crt0dat.obj
 0001:0001f6c4       _heap_init                 00000001800206c4 f   LIBCMT:heapinit.obj
 0001:0001f6e4       _heap_term                 00000001800206e4 f   LIBCMT:heapinit.obj
 0001:0001f6f0       _ioinit                    00000001800206f0 f   LIBCMT:ioinit.obj
 0001:0001fa1c       _ioterm                    0000000180020a1c f   LIBCMT:ioinit.obj
 0001:0001fa90       _setargv                   0000000180020a90 f   LIBCMT:stdargv.obj
 0001:0001fd4c       _setenvp                   0000000180020d4c f   LIBCMT:stdenvp.obj
 0001:0001fe80       __security_init_cookie     0000000180020e80 f   LIBCMT:gs_support.obj
 0001:0001ff2c       __crtGetEnvironmentStringsA 0000000180020f2c f   LIBCMT:a_env.obj
 0001:00020020       __crtCaptureCurrentContext 0000000180021020 f   LIBCMT:winapisupp.obj
 0001:00020090       __crtCapturePreviousContext 0000000180021090 f   LIBCMT:winapisupp.obj
 0001:00020104       __crtFlsAlloc              0000000180021104 f   LIBCMT:winapisupp.obj
 0001:00020120       __crtFlsFree               0000000180021120 f   LIBCMT:winapisupp.obj
 0001:0002013c       __crtFlsGetValue           000000018002113c f   LIBCMT:winapisupp.obj
 0001:00020158       __crtFlsSetValue           0000000180021158 f   LIBCMT:winapisupp.obj
 0001:00020174       __crtIsPackagedApp         0000000180021174 f   LIBCMT:winapisupp.obj
 0001:000201c0       __crtLoadWinApiPointers    00000001800211c0 f   LIBCMT:winapisupp.obj
 0001:00020544       __crtTerminateProcess      0000000180021544 f   LIBCMT:winapisupp.obj
 0001:00020564       __crtUnhandledException    0000000180021564 f   LIBCMT:winapisupp.obj
 0001:00020584       _calloc_crt                0000000180021584 f   LIBCMT:crtheap.obj
 0001:00020604       _malloc_crt                0000000180021604 f   LIBCMT:crtheap.obj
 0001:00020680       _realloc_crt               0000000180021680 f   LIBCMT:crtheap.obj
 0001:00020704       _RTC_Initialize            0000000180021704 f   LIBCMT:initsect.obj
 0001:0002073c       _RTC_Terminate             000000018002173c f   LIBCMT:initsect.obj
 0001:00020774       __C_specific_handler       0000000180021774 f   LIBCMT:chandler.obj
 0001:00020954       _call_reportfault          0000000180021954 f   LIBCMT:invarg.obj
 0001:00020a48       _initp_misc_invarg         0000000180021a48 f   LIBCMT:invarg.obj
 0001:00020a50       _invalid_parameter         0000000180021a50 f   LIBCMT:invarg.obj
 0001:00020ab8       _invalid_parameter_noinfo  0000000180021ab8 f   LIBCMT:invarg.obj
 0001:00020ad8       _invoke_watson             0000000180021ad8 f   LIBCMT:invarg.obj
 0001:00020b30       strlen                     0000000180021b30 f   LIBCMT:strlen.obj
 0001:00020bd8       wcscat_s                   0000000180021bd8 f   LIBCMT:wcscat_s.obj
 0001:00020c60       wcscpy_s                   0000000180021c60 f   LIBCMT:wcscpy_s.obj
 0001:00020ccc       wcslen                     0000000180021ccc f   LIBCMT:wcslen.obj
 0001:00020ce8       wcsncpy_s                  0000000180021ce8 f   LIBCMT:wcsncpy_s.obj
 0001:00020db4       _set_error_mode            0000000180021db4 f   LIBCMT:errmode.obj
 0001:00020df4       __crtMessageBoxW           0000000180021df4 f   LIBCMT:crtmboxw.obj
 0001:00021064       __GSHandlerCheck           0000000180022064 f   LIBCMT:gshandler.obj
 0001:00021084       __GSHandlerCheckCommon     0000000180022084 f   LIBCMT:gshandler.obj
 0001:00021100       __security_check_cookie    0000000180022100 f   LIBCMT:amdsecgs.obj
 0001:00021120       __get_sigabrt              0000000180022120 f   LIBCMT:winsig.obj
 0001:00021130       _initp_misc_winsig         0000000180022130 f   LIBCMT:winsig.obj
 0001:00021150       raise                      0000000180022150 f   LIBCMT:winsig.obj
 0001:00021374       GetTableIndexFromLocaleName 0000000180022374 f   LIBCMT:winapinls.obj
 0001:00021400       __crtDownlevelLocaleNameToLCID 0000000180022400 f   LIBCMT:winapinls.obj
 0001:00021434       __crtLCMapStringEx         0000000180022434 f   LIBCMT:winapinls.obj
 0001:000214c4       __wcsnicmp_ascii           00000001800224c4 f   LIBCMT:winapinls.obj
 0001:0002151c       __doserrno                 000000018002251c f   LIBCMT:dosmap.obj
 0001:0002153c       _dosmaperr                 000000018002253c f   LIBCMT:dosmap.obj
 0001:0002158c       _errno                     000000018002258c f   LIBCMT:dosmap.obj
 0001:000215ac       _get_errno_from_oserr      00000001800225ac f   LIBCMT:dosmap.obj
 0001:000215fc       __addlocaleref             00000001800225fc f   LIBCMT:localref.obj
 0001:00021688       __freetlocinfo             0000000180022688 f   LIBCMT:localref.obj
 0001:00021820       __removelocaleref          0000000180022820 f   LIBCMT:localref.obj
 0001:000218c4       __updatetlocinfo           00000001800228c4 f   LIBCMT:localref.obj
 0001:0002193c       _updatetlocinfoEx_nolock   000000018002293c f   LIBCMT:localref.obj
 0001:000219a0       __initmbctable             00000001800229a0 f   LIBCMT:mbctype.obj
 0001:00021cbc       __updatetmbcinfo           0000000180022cbc f   LIBCMT:mbctype.obj
 0001:00021d78       _setmbcp                   0000000180022d78 f   LIBCMT:mbctype.obj
 0001:00021fd4       _setmbcp_nolock            0000000180022fd4 f   LIBCMT:mbctype.obj
 0001:00022284       isdigit                    0000000180023284 f i LIBCMT:_ctype.obj
 0001:00022300       _tolower_l                 0000000180023300 f   LIBCMT:tolower.obj
 0001:00022454       tolower                    0000000180023454 f   LIBCMT:tolower.obj
 0001:00022474       strcpy_s                   0000000180023474 f   LIBCMT:strcpy_s.obj
 0001:000224d8       strrchr                    00000001800234d8 f   LIBCMT:strrchr.obj
 0001:0002261c       _fptostr                   000000018002361c f   LIBCMT:_fptostr.obj
 0001:000226e8       _atodbl_l                  00000001800236e8 f   LIBCMT:atodbl.obj
 0001:000227b0       _atoflt_l                  00000001800237b0 f   LIBCMT:atodbl.obj
 0001:00022878       __dtold                    0000000180023878 f   LIBCMT:cfout.obj
 0001:00022948       _fltout2                   0000000180023948 f   LIBCMT:cfout.obj
 0001:00022a00       _fptrap                    0000000180023a00 f   LIBCMT:crt0fp.obj
 0001:00022a0c       _lock                      0000000180023a0c f   LIBCMT:mlock.obj
 0001:00022a50       _mtdeletelocks             0000000180023a50 f   LIBCMT:mlock.obj
 0001:00022ad8       _mtinitlocknum             0000000180023ad8 f   LIBCMT:mlock.obj
 0001:00022b94       _mtinitlocks               0000000180023b94 f   LIBCMT:mlock.obj
 0001:00022bf4       _unlock                    0000000180023bf4 f   LIBCMT:mlock.obj
 0001:00022c0c       malloc                     0000000180023c0c f   LIBCMT:malloc.obj
 0001:00022cc4       ??0DName@@QEAA@AEAPEBDD@Z  0000000180023cc4 f   LIBCMT:undname.obj
 0001:00022da4       ??0DName@@QEAA@AEBV0@@Z    0000000180023da4 f i LIBCMT:undname.obj
 0001:00022db0       ??0DName@@QEAA@D@Z         0000000180023db0 f   LIBCMT:undname.obj
 0001:00022de8       ??0DName@@QEAA@PEAV0@@Z    0000000180023de8 f   LIBCMT:undname.obj
 0001:00022e70       ??0DName@@QEAA@PEBD@Z      0000000180023e70 f   LIBCMT:undname.obj
 0001:00022eb8       ??0DName@@QEAA@W4DNameStatus@@@Z 0000000180023eb8 f   LIBCMT:undname.obj
 0001:00022f08       ??0DName@@QEAA@_J@Z        0000000180023f08 f   LIBCMT:undname.obj
 0001:00022fb4       ??0DName@@QEAA@_K@Z        0000000180023fb4 f   LIBCMT:undname.obj
 0001:00023044       ??0UnDecorator@@QEAA@PEADPEBDHP6APEADJ@ZK@Z 0000000180024044 f i LIBCMT:undname.obj
 0001:000230b8       ??0pcharNode@@QEAA@PEBDH@Z 00000001800240b8 f   LIBCMT:undname.obj
 0001:00023148       ??4DName@@QEAAAEAV0@PEBD@Z 0000000180024148 f   LIBCMT:undname.obj
 0001:00023188       ??4DName@@QEAAAEAV0@W4DNameStatus@@@Z 0000000180024188 f   LIBCMT:undname.obj
 0001:000231c4       ??AReplicator@@QEBA?AVDName@@H@Z 00000001800241c4 f   LIBCMT:undname.obj
 0001:0002320c       ??BUnDecorator@@QEAAPEADXZ 000000018002420c f i LIBCMT:undname.obj
 0001:000233dc       ??YDName@@QEAAAEAV0@AEBV0@@Z 00000001800243dc f   LIBCMT:undname.obj
 0001:0002341c       ??YDName@@QEAAAEAV0@D@Z    000000018002441c f   LIBCMT:undname.obj
 0001:000234a0       ??YDName@@QEAAAEAV0@PEBD@Z 00000001800244a0 f   LIBCMT:undname.obj
 0001:0002352c       ??YDName@@QEAAAEAV0@W4DNameStatus@@@Z 000000018002452c f   LIBCMT:undname.obj
 0001:00023570       ??YReplicator@@QEAAAEAV0@AEBVDName@@@Z 0000000180024570 f   LIBCMT:undname.obj
 0001:000235d0       ?append@DName@@AEAAXPEAVDNameNode@@@Z 00000001800245d0 f   LIBCMT:undname.obj
 0001:00023634       ?composeDeclaration@UnDecorator@@CA?AVDName@@AEBV2@@Z 0000000180024634 f i LIBCMT:undname.obj
 0001:000243b8       ?doPchar@DName@@AEAAXPEBDH@Z 00000001800253b8 f   LIBCMT:undname.obj
 0001:00024464       ?getArgumentList@UnDecorator@@CA?AVDName@@XZ 0000000180025464 f   LIBCMT:undname.obj
 0001:000245a8       ?getArgumentTypes@UnDecorator@@CA?AVDName@@XZ 00000001800255a8 f   LIBCMT:undname.obj
 0001:000246a4       ?getArrayType@UnDecorator@@CA?AVDName@@AEBV2@@Z 00000001800256a4 f i LIBCMT:undname.obj
 0001:000248e8       ?getBasedType@UnDecorator@@CA?AVDName@@XZ 00000001800258e8 f   LIBCMT:undname.obj
 0001:000249a8       ?getBasicDataType@UnDecorator@@CA?AVDName@@AEBV2@@Z 00000001800259a8 f   LIBCMT:undname.obj
 0001:00024dc0       ?getCallingConvention@UnDecorator@@CA?AVDName@@XZ 0000000180025dc0 f   LIBCMT:undname.obj
 0001:00024eb0       ?getDataIndirectType@UnDecorator@@CA?AVDName@@AEBV2@PEBD0H@Z 0000000180025eb0 f   LIBCMT:undname.obj
 0001:000255a4       ?getDataType@UnDecorator@@CA?AVDName@@PEAV2@@Z 00000001800265a4 f   LIBCMT:undname.obj
 0001:00025688       ?getDecoratedName@UnDecorator@@CA?AVDName@@XZ 0000000180026688 f   LIBCMT:undname.obj
 0001:000258fc       ?getDimension@UnDecorator@@CA?AVDName@@_N@Z 00000001800268fc f   LIBCMT:undname.obj
 0001:00025a58       ?getDispatchTarget@UnDecorator@@CA?AVDName@@XZ 0000000180026a58 f   LIBCMT:undname.obj
 0001:00025abc       ?getECSUDataType@UnDecorator@@CA?AVDName@@XZ 0000000180026abc f   LIBCMT:undname.obj
 0001:00025c1c       ?getEnumType@UnDecorator@@CA?AVDName@@XZ 0000000180026c1c f i LIBCMT:undname.obj
 0001:00025d04       ?getExtendedDataIndirectType@UnDecorator@@CA?AVDName@@AEAPEBDAEA_NH@Z 0000000180026d04 f   LIBCMT:undname.obj
 0001:00025f50       ?getExternalDataType@UnDecorator@@CA?AVDName@@AEBV2@@Z 0000000180026f50 f i LIBCMT:undname.obj
 0001:00026024       ?getFunctionIndirectType@UnDecorator@@CA?AVDName@@AEBV2@@Z 0000000180027024 f   LIBCMT:undname.obj
 0001:0002652c       ?getLastChar@DNameStatusNode@@UEBADXZ 000000018002752c f i LIBCMT:undname.obj
 0001:00026538       ?getLastChar@charNode@@UEBADXZ 0000000180027538 f i LIBCMT:undname.obj
 0001:0002653c       ?getLastChar@pDNameNode@@UEBADXZ 000000018002753c f i LIBCMT:undname.obj
 0001:00026560       ?getLastChar@pairNode@@UEBADXZ 0000000180027560 f i LIBCMT:undname.obj
 0001:00026588       ?getLastChar@pcharNode@@UEBADXZ 0000000180027588 f i LIBCMT:undname.obj
 0001:0002659c       ?getMemory@_HeapManager@@QEAAPEAX_KH@Z 000000018002759c f   LIBCMT:undname.obj
 0001:0002664c       ?getNumberOfDimensions@UnDecorator@@CAHXZ 000000018002764c f   LIBCMT:undname.obj
 0001:000266c0       ?getOperatorName@UnDecorator@@CA?AVDName@@_NPEA_N@Z 00000001800276c0 f i LIBCMT:undname.obj
 0001:00026da4       ?getPrimaryDataType@UnDecorator@@CA?AVDName@@AEBV2@@Z 0000000180027da4 f   LIBCMT:undname.obj
 0001:00026fbc       ?getPtrRefDataType@UnDecorator@@CA?AVDName@@AEBV2@H@Z 0000000180027fbc f i LIBCMT:undname.obj
 0001:000270c4       ?getPtrRefType@UnDecorator@@CA?AVDName@@AEBV2@0PEBD@Z 00000001800280c4 f   LIBCMT:undname.obj
 0001:000271f8       ?getRestrictionSpec@UnDecorator@@CA?AVDName@@XZ 00000001800281f8 f   LIBCMT:undname.obj
 0001:00027320       ?getReturnType@UnDecorator@@CA?AVDName@@PEAV2@@Z 0000000180028320 f   LIBCMT:undname.obj
 0001:00027354       ?getScope@UnDecorator@@CA?AVDName@@XZ 0000000180028354 f   LIBCMT:undname.obj
 0001:00027844       ?getScopedName@UnDecorator@@CA?AVDName@@XZ 0000000180028844 f   LIBCMT:undname.obj
 0001:0002795c       ?getSignedDimension@UnDecorator@@CA?AVDName@@XZ 000000018002895c f   LIBCMT:undname.obj
 0001:000279d8       ?getString@DName@@QEBAPEADPEADH@Z 00000001800289d8 f i LIBCMT:undname.obj
 0001:00027a60       ?getString@DNameStatusNode@@UEBAPEADPEAD0@Z 0000000180028a60 f i LIBCMT:undname.obj
 0001:00027aa4       ?getString@charNode@@UEBAPEADPEAD0@Z 0000000180028aa4 f i LIBCMT:undname.obj
 0001:00027ab8       ?getString@pDNameNode@@UEBAPEADPEAD0@Z 0000000180028ab8 f i LIBCMT:undname.obj
 0001:00027ae0       ?getString@pairNode@@UEBAPEADPEAD0@Z 0000000180028ae0 f i LIBCMT:undname.obj
 0001:00027b1c       ?getString@pcharNode@@UEBAPEADPEAD0@Z 0000000180028b1c f i LIBCMT:undname.obj
 0001:00027b54       ?getStringEncoding@UnDecorator@@CA?AVDName@@PEADH@Z 0000000180028b54 f   LIBCMT:undname.obj
 0001:00027c14       ?getSymbolName@UnDecorator@@CA?AVDName@@XZ 0000000180028c14 f i LIBCMT:undname.obj
 0001:00027c60       ?getTemplateArgumentList@UnDecorator@@CA?AVDName@@XZ 0000000180028c60 f   LIBCMT:undname.obj
 0001:00027ec8       ?getTemplateConstant@UnDecorator@@CA?AVDName@@XZ 0000000180028ec8 f   LIBCMT:undname.obj
 0001:00028220       ?getTemplateName@UnDecorator@@CA?AVDName@@_N@Z 0000000180029220 f   LIBCMT:undname.obj
 0001:000283f0       ?getThrowTypes@UnDecorator@@CA?AVDName@@XZ 00000001800293f0 f   LIBCMT:undname.obj
 0001:000284b4       ?getTypeEncoding@UnDecorator@@CAHXZ 00000001800294b4 f i LIBCMT:undname.obj
 0001:00028994       ?getVfTableType@UnDecorator@@CA?AVDName@@AEBV2@@Z 0000000180029994 f i LIBCMT:undname.obj
 0001:00028b64       ?getZName@UnDecorator@@CA?AVDName@@_N0@Z 0000000180029b64 f   LIBCMT:undname.obj
 0001:00028ddc       ?length@DNameStatusNode@@UEBAHXZ 0000000180029ddc f i LIBCMT:undname.obj
 0001:00028de0       ?length@charNode@@UEBAHXZ  0000000180029de0 f i LIBCMT:undname.obj
 0001:00028de0       DllMain                    0000000180029de0 f i LIBCMT:dllmain.obj
 0001:00028de8       ?length@pDNameNode@@UEBAHXZ 0000000180029de8 f i LIBCMT:undname.obj
 0001:00028e0c       ?length@pairNode@@UEBAHXZ  0000000180029e0c f i LIBCMT:undname.obj
 0001:00028e54       ?length@pcharNode@@UEBAHXZ 0000000180029e54 f i LIBCMT:undname.obj
 0001:00028e58       ?make@DNameStatusNode@@SAPEAV1@W4DNameStatus@@@Z 0000000180029e58 f i LIBCMT:undname.obj
 0001:00028ee0       __unDName                  0000000180029ee0 f   LIBCMT:undname.obj
 0001:00029000       _local_unwind              000000018002a000 f   LIBCMT:jmpuwind.obj
 0001:00029030       _NLG_Notify                000000018002a030 f   LIBCMT:jmpuwind.obj
 0001:00029050       __NLG_Dispatch2            000000018002a050 f   LIBCMT:jmpuwind.obj
 0001:00029060       __NLG_Return2              000000018002a060 f   LIBCMT:jmpuwind.obj
 0001:00029070       _FindPESection             000000018002a070 f   LIBCMT:pesect.obj
 0001:000290c0       _IsNonwritableInCurrentImage 000000018002a0c0 f   LIBCMT:pesect.obj
 0001:00029110       _ValidateImageBase         000000018002a110 f   LIBCMT:pesect.obj
 0001:00029140       __onexitinit               000000018002a140 f   LIBCMT:onexit.obj
 0001:00029184       _onexit                    000000018002a184 f   LIBCMT:onexit.obj
 0001:00029290       atexit                     000000018002a290 f   LIBCMT:onexit.obj
 0001:000292a8       ?terminate@@YAXXZ          000000018002a2a8 f   LIBCMT:hooks.obj
 0001:000292c8       _initp_eh_hooks            000000018002a2c8 f   LIBCMT:hooks.obj
 0001:000292e8       _callnewh                  000000018002a2e8 f   LIBCMT:handler.obj
 0001:0002931c       _initp_heap_handler        000000018002a31c f   LIBCMT:handler.obj
 0001:00029324       _initp_misc_rand_s         000000018002a324 f   LIBCMT:rand_s.obj
 0001:0002932c       __initstdio                000000018002a32c f   LIBCMT:_file.obj
 0001:000293c4       __endstdio                 000000018002a3c4 f   LIBCMT:_file.obj
 0001:000293f4       _lock_file                 000000018002a3f4 f   LIBCMT:_file.obj
 0001:0002945c       _lock_file2                000000018002a45c f   LIBCMT:_file.obj
 0001:00029490       _unlock_file               000000018002a490 f   LIBCMT:_file.obj
 0001:000294e0       _unlock_file2              000000018002a4e0 f   LIBCMT:_file.obj
 0001:0002957c       _ismbblead                 000000018002a57c f   LIBCMT:ismbbyte.obj
 0001:00029590       realloc                    000000018002a590 f   LIBCMT:realloc.obj
 0001:00029664       _calloc_impl               000000018002a664 f   LIBCMT:calloc_impl.obj
 0001:00029700       __crt_debugger_hook        000000018002a700 f   LIBCMT:dbghook.obj
 0001:00029708       __raise_securityfailure    000000018002a708 f   LIBCMT:gs_report.obj
 0001:00029754       __report_gsfailure         000000018002a754 f   LIBCMT:gs_report.obj
 0001:00029828       __free_lconv_mon           000000018002a828 f   LIBCMT:initmon.obj
 0001:00029934       __free_lconv_num           000000018002a934 f   LIBCMT:initnum.obj
 0001:000299a0       __free_lc_time             000000018002a9a0 f   LIBCMT:inittime.obj
 0001:0002a06c       __crtLCMapStringA          000000018002b06c f   LIBCMT:a_map.obj
 0001:0002a26c       __crtGetStringTypeA        000000018002b26c f   LIBCMT:a_str.obj
 0001:0002a2e8       _isctype_l                 000000018002b2e8 f   LIBCMT:isctype.obj
 0001:0002a3c4       _locterm                   000000018002b3c4 f   LIBCMT:wsetloca.obj
 0001:0002a40c       _isleadbyte_l              000000018002b40c f i LIBCMT:_wctype.obj
 0001:0002a450       isleadbyte                 000000018002b450 f i LIBCMT:_wctype.obj
 0001:0002a498       _ld12tod                   000000018002b498 f   LIBCMT:intrncvt.obj
 0001:0002aa48       _ld12tof                   000000018002ba48 f   LIBCMT:intrncvt.obj
 0001:0002aff8       __strgtold12_l             000000018002bff8 f   LIBCMT:strgtold.obj
 0001:0002b84c       $I10_OUTPUT                000000018002c84c f   LIBCMT:x10fout.obj
 0001:0002c318       atol                       000000018002d318 f   LIBCMT:atox.obj
 0001:0002c340       _get_fpsr                  000000018002d340 f   LIBCMT:fpsr.obj
 0001:0002c350       _set_fpsr                  000000018002d350 f   LIBCMT:fpsr.obj
 0001:0002c35a       _fclrf                     000000018002d35a f   LIBCMT:fpsr.obj
 0001:0002c36e       _frnd                      000000018002d36e f   LIBCMT:fpsr.obj
 0001:0002c390       _msize                     000000018002d390 f   LIBCMT:msize.obj
 0001:0002c3cc       _fileno                    000000018002d3cc f   LIBCMT:fileno.obj
 0001:0002c3f4       _isatty                    000000018002d3f4 f   LIBCMT:isatty.obj
 0001:0002c454       _fflush_nolock             000000018002d454 f   LIBCMT:fflush.obj
 0001:0002c4a0       _flush                     000000018002d4a0 f   LIBCMT:fflush.obj
 0001:0002c51c       _flushall                  000000018002d51c f   LIBCMT:fflush.obj
 0001:0002c610       _fcloseall                 000000018002d610 f   LIBCMT:closeall.obj
 0001:0002c6d0       memcmp                     000000018002d6d0 f   LIBCMT:memcmp.obj
 0001:0002c798       __mtold12                  000000018002d798 f   LIBCMT:mantold.obj
 0001:0002cc00       strtol                     000000018002dc00 f   LIBCMT:strtol.obj
 0001:0002cc30       _commit                    000000018002dc30 f   LIBCMT:commit.obj
 0001:0002cd08       _write                     000000018002dd08 f   LIBCMT:write.obj
 0001:0002cde8       _write_nolock              000000018002dde8 f   LIBCMT:write.obj
 0001:0002d524       _fclose_nolock             000000018002e524 f   LIBCMT:fclose.obj
 0001:0002d5a0       fclose                     000000018002e5a0 f   LIBCMT:fclose.obj
 0001:0002d608       __lock_fhandle             000000018002e608 f   LIBCMT:osfinfo.obj
 0001:0002d6a0       _free_osfhnd               000000018002e6a0 f   LIBCMT:osfinfo.obj
 0001:0002d74c       _get_osfhandle             000000018002e74c f   LIBCMT:osfinfo.obj
 0001:0002d7c0       _unlock_fhandle            000000018002e7c0 f   LIBCMT:osfinfo.obj
 0001:0002d7ec       _lseeki64_nolock           000000018002e7ec f   LIBCMT:lseeki64.obj
 0001:0002d880       _mbtowc_l                  000000018002e880 f   LIBCMT:mbtowc.obj
 0001:0002d9d4       mbtowc                     000000018002e9d4 f   LIBCMT:mbtowc.obj
 0001:0002d9dc       _putwch_nolock             000000018002e9dc f   LIBCMT:putwch.obj
 0001:0002da38       _close                     000000018002ea38 f   LIBCMT:close.obj
 0001:0002dafc       _close_nolock              000000018002eafc f   LIBCMT:close.obj
 0001:0002dbb8       _freebuf                   000000018002ebb8 f   LIBCMT:_freebuf.obj
 0001:0002dbf0       __termconout               000000018002ebf0 f   LIBCMT:initcon.obj
 0001:0002dc10       __initconout               000000018002ec10 f   LIBCMT:initcon.obj
 0001:0002dc4c       IsProcessorFeaturePresent  000000018002ec4c f   kernel32:KERNEL32.dll
 0001:0002dc52       RtlUnwindEx                000000018002ec52 f   kernel32:KERNEL32.dll
 0002:00000000       __imp_GetStartupInfoW      0000000180030000     kernel32:KERNEL32.dll
 0002:00000008       __imp_CreateFileW          0000000180030008     kernel32:KERNEL32.dll
 0002:00000010       __imp_CloseHandle          0000000180030010     kernel32:KERNEL32.dll
 0002:00000018       __imp_WriteConsoleW        0000000180030018     kernel32:KERNEL32.dll
 0002:00000020       __imp_SetFilePointerEx     0000000180030020     kernel32:KERNEL32.dll
 0002:00000028       __imp_SetStdHandle         0000000180030028     kernel32:KERNEL32.dll
 0002:00000030       __imp_GetConsoleMode       0000000180030030     kernel32:KERNEL32.dll
 0002:00000038       __imp_GetConsoleCP         0000000180030038     kernel32:KERNEL32.dll
 0002:00000040       __imp_FlushFileBuffers     0000000180030040     kernel32:KERNEL32.dll
 0002:00000048       __imp_HeapSize             0000000180030048     kernel32:KERNEL32.dll
 0002:00000050       __imp_GetStringTypeW       0000000180030050     kernel32:KERNEL32.dll
[...]
 0004:0000111c       $pdata$_setargv            000000018004011c     LIBCMT:stdargv.obj
 0004:00001128       $pdata$parse_cmdline       0000000180040128     LIBCMT:stdargv.obj
 0004:00001134       $pdata$_setenvp            0000000180040134     LIBCMT:stdenvp.obj
 0004:00001140       $pdata$__security_init_cookie 0000000180040140     LIBCMT:gs_support.obj
 0004:0000114c       $pdata$__crtGetEnvironmentStringsA 000000018004014c     LIBCMT:a_env.obj
 0004:00001158       $pdata$__crtCaptureCurrentContext 0000000180040158     LIBCMT:winapisupp.obj
 0004:00001164       $pdata$__crtCapturePreviousContext 0000000180040164     LIBCMT:winapisupp.obj
 0004:00001170       $pdata$__crtIsPackagedApp  0000000180040170     LIBCMT:winapisupp.obj
 0004:0000117c       $pdata$__crtLoadWinApiPointers 000000018004017c     LIBCMT:winapisupp.obj
 0004:00001188       $pdata$__crtTerminateProcess 0000000180040188     LIBCMT:winapisupp.obj
 0004:00001194       $pdata$__crtUnhandledException 0000000180040194     LIBCMT:winapisupp.obj
 0004:000011a0       $pdata$_calloc_crt         00000001800401a0     LIBCMT:crtheap.obj
 0004:000011ac       $pdata$_malloc_crt         00000001800401ac     LIBCMT:crtheap.obj
 0004:000011b8       $pdata$_realloc_crt        00000001800401b8     LIBCMT:crtheap.obj
 0004:000011c4       $pdata$_RTC_Initialize     00000001800401c4     LIBCMT:initsect.obj
 0004:000011d0       $pdata$_RTC_Terminate      00000001800401d0     LIBCMT:initsect.obj
 0004:000011dc       $pdata$__C_specific_handler 00000001800401dc     LIBCMT:chandler.obj
 0004:000011e8       $pdata$_call_reportfault   00000001800401e8     LIBCMT:invarg.obj
 0004:000011f4       $pdata$_invalid_parameter  00000001800401f4     LIBCMT:invarg.obj
 0004:00001200       $pdata$_invalid_parameter_noinfo 0000000180040200     LIBCMT:invarg.obj
 0004:0000120c       $pdata$_invoke_watson      000000018004020c     LIBCMT:invarg.obj
 0004:00001224       $pdata$wcscat_s            0000000180040224     LIBCMT:wcscat_s.obj
 0004:00001230       $pdata$wcscpy_s            0000000180040230     LIBCMT:wcscpy_s.obj
 0004:0000123c       $pdata$wcsncpy_s           000000018004023c     LIBCMT:wcsncpy_s.obj
 0004:00001248       $pdata$_set_error_mode     0000000180040248     LIBCMT:errmode.obj
 0004:00001254       $pdata$__crtMessageBoxW    0000000180040254     LIBCMT:crtmboxw.obj
 0004:00001260       $pdata$__GSHandlerCheck    0000000180040260     LIBCMT:gshandler.obj
 0004:0000126c       $pdata$__GSHandlerCheckCommon 000000018004026c     LIBCMT:gshandler.obj
 0004:00001284       $pdata$raise               0000000180040284     LIBCMT:winsig.obj
 0004:00001290       $pdata$GetTableIndexFromLocaleName 0000000180040290     LIBCMT:winapinls.obj
 0004:0000129c       $pdata$__crtDownlevelLocaleNameToLCID 000000018004029c     LIBCMT:winapinls.obj
 0004:000012a8       $pdata$__crtLCMapStringEx  00000001800402a8     LIBCMT:winapinls.obj
 0004:000012b4       $pdata$__doserrno          00000001800402b4     LIBCMT:dosmap.obj
 0004:000012c0       $pdata$_dosmaperr          00000001800402c0     LIBCMT:dosmap.obj
 0004:000012cc       $pdata$_errno              00000001800402cc     LIBCMT:dosmap.obj
 0004:000012d8       $pdata$__freetlocinfo      00000001800402d8     LIBCMT:localref.obj
 0004:000012e4       $pdata$__updatetlocinfo    00000001800402e4     LIBCMT:localref.obj
 0004:000012f0       $pdata$_updatetlocinfoEx_nolock 00000001800402f0     LIBCMT:localref.obj
 0004:000012fc       $pdata$__initmbctable      00000001800402fc     LIBCMT:mbctype.obj
 0004:00001308       $pdata$?getSystemCP@@YAHH@Z 0000000180040308     LIBCMT:mbctype.obj
 0004:00001314       $pdata$?setSBCS@@YAXPEAUthreadmbcinfostruct@@@Z 0000000180040314     LIBCMT:mbctype.obj
 0004:00001320       $pdata$?setSBUpLow@@YAXPEAUthreadmbcinfostruct@@@Z 0000000180040320     LIBCMT:mbctype.obj
 0004:0000132c       $pdata$__updatetmbcinfo    000000018004032c     LIBCMT:mbctype.obj
 0004:00001338       $pdata$_setmbcp            0000000180040338     LIBCMT:mbctype.obj
 0004:00001344       $pdata$_setmbcp_nolock     0000000180040344     LIBCMT:mbctype.obj
 0004:00001350       $pdata$isdigit             0000000180040350     LIBCMT:_ctype.obj
 0004:0000135c       $pdata$_tolower_l          000000018004035c     LIBCMT:tolower.obj
 0004:00001368       $pdata$strcpy_s            0000000180040368     LIBCMT:strcpy_s.obj
 0004:00001374       $pdata$strrchr             0000000180040374     LIBCMT:strrchr.obj
 0004:00001380       $pdata$_fptostr            0000000180040380     LIBCMT:_fptostr.obj
 0004:0000138c       $pdata$_atodbl_l           000000018004038c     LIBCMT:atodbl.obj
 0004:00001398       $pdata$_atoflt_l           0000000180040398     LIBCMT:atodbl.obj
 0004:000013a4       $pdata$__dtold             00000001800403a4     LIBCMT:cfout.obj
 0004:000013b0       $pdata$_fltout2            00000001800403b0     LIBCMT:cfout.obj
 0004:000013bc       $pdata$_lock               00000001800403bc     LIBCMT:mlock.obj
 0004:000013c8       $pdata$_mtdeletelocks      00000001800403c8     LIBCMT:mlock.obj
 0004:000013d4       $pdata$_mtinitlocknum      00000001800403d4     LIBCMT:mlock.obj
 0004:000013e0       $pdata$_mtinitlocks        00000001800403e0     LIBCMT:mlock.obj
 0004:000013ec       $pdata$malloc              00000001800403ec     LIBCMT:malloc.obj
 0004:000013f8       $pdata$??0DName@@QEAA@AEAPEBDD@Z 00000001800403f8     LIBCMT:undname.obj
 0004:00001404       $pdata$??0DName@@QEAA@D@Z  0000000180040404     LIBCMT:undname.obj
 0004:00001410       $pdata$??0DName@@QEAA@PEAV0@@Z 0000000180040410     LIBCMT:undname.obj
 0004:0000141c       $pdata$??0DName@@QEAA@PEBD@Z 000000018004041c     LIBCMT:undname.obj
 0004:00001428       $pdata$??0DName@@QEAA@W4DNameStatus@@@Z 0000000180040428     LIBCMT:undname.obj
 0004:00001434       $pdata$??0DName@@QEAA@_J@Z 0000000180040434     LIBCMT:undname.obj
 0004:00001440       $pdata$??0DName@@QEAA@_K@Z 0000000180040440     LIBCMT:undname.obj
 0004:0000144c       $pdata$??0pcharNode@@QEAA@PEBDH@Z 000000018004044c     LIBCMT:undname.obj
 0004:00001458       $pdata$??4DName@@QEAAAEAV0@PEBD@Z 0000000180040458     LIBCMT:undname.obj
 0004:00001464       $pdata$??4DName@@QEAAAEAV0@W4DNameStatus@@@Z 0000000180040464     LIBCMT:undname.obj
 0004:00001470       $pdata$??AReplicator@@QEBA?AVDName@@H@Z 0000000180040470     LIBCMT:undname.obj
 0004:0000147c       $pdata$??BUnDecorator@@QEAAPEADXZ 000000018004047c     LIBCMT:undname.obj
 0004:00001488       $pdata$??YDName@@QEAAAEAV0@AEBV0@@Z 0000000180040488     LIBCMT:undname.obj
 0004:00001494       $pdata$??YDName@@QEAAAEAV0@D@Z 0000000180040494     LIBCMT:undname.obj
 0004:000014a0       $pdata$??YDName@@QEAAAEAV0@PEBD@Z 00000001800404a0     LIBCMT:undname.obj
 0004:000014ac       $pdata$??YDName@@QEAAAEAV0@W4DNameStatus@@@Z 00000001800404ac     LIBCMT:undname.obj
 0004:000014b8       $pdata$??YReplicator@@QEAAAEAV0@AEBVDName@@@Z 00000001800404b8     LIBCMT:undname.obj
 0004:000014c4       $pdata$?append@DName@@AEAAXPEAVDNameNode@@@Z 00000001800404c4     LIBCMT:undname.obj
 0004:000014d0       $pdata$?composeDeclaration@UnDecorator@@CA?AVDName@@AEBV2@@Z 00000001800404d0     LIBCMT:undname.obj
 0004:000014dc       $pdata$?doPchar@DName@@AEAAXPEBDH@Z 00000001800404dc     LIBCMT:undname.obj
 0004:000014e8       $pdata$?getArgumentList@UnDecorator@@CA?AVDName@@XZ 00000001800404e8     LIBCMT:undname.obj
 0004:000014f4       $pdata$?getArgumentTypes@UnDecorator@@CA?AVDName@@XZ 00000001800404f4     LIBCMT:undname.obj
 0004:00001500       $pdata$?getArrayType@UnDecorator@@CA?AVDName@@AEBV2@@Z 0000000180040500     LIBCMT:undname.obj
 0004:0000150c       $pdata$?getBasedType@UnDecorator@@CA?AVDName@@XZ 000000018004050c     LIBCMT:undname.obj
 0004:00001518       $pdata$?getBasicDataType@UnDecorator@@CA?AVDName@@AEBV2@@Z 0000000180040518     LIBCMT:undname.obj
 0004:00001524       $pdata$?getCallingConvention@UnDecorator@@CA?AVDName@@XZ 0000000180040524     LIBCMT:undname.obj
 0004:00001530       $pdata$?getDataIndirectType@UnDecorator@@CA?AVDName@@AEBV2@PEBD0H@Z 0000000180040530     LIBCMT:undname.obj
 0004:0000153c       $pdata$?getDataType@UnDecorator@@CA?AVDName@@PEAV2@@Z 000000018004053c     LIBCMT:undname.obj
 0004:00001548       $pdata$?getDecoratedName@UnDecorator@@CA?AVDName@@XZ 0000000180040548     LIBCMT:undname.obj
 0004:00001554       $pdata$?getDimension@UnDecorator@@CA?AVDName@@_N@Z 0000000180040554     LIBCMT:undname.obj
 0004:00001560       $pdata$?getDispatchTarget@UnDecorator@@CA?AVDName@@XZ 0000000180040560     LIBCMT:undname.obj
 0004:0000156c       $pdata$?getECSUDataType@UnDecorator@@CA?AVDName@@XZ 000000018004056c     LIBCMT:undname.obj
 0004:00001578       $pdata$?getEnumType@UnDecorator@@CA?AVDName@@XZ 0000000180040578     LIBCMT:undname.obj
 0004:00001584       $pdata$?getExtendedDataIndirectType@UnDecorator@@CA?AVDName@@AEAPEBDAEA_NH@Z 0000000180040584     LIBCMT:undname.obj
 0004:00001590       $pdata$?getExternalDataType@UnDecorator@@CA?AVDName@@AEBV2@@Z 0000000180040590     LIBCMT:undname.obj
 0004:0000159c       $pdata$?getFunctionIndirectType@UnDecorator@@CA?AVDName@@AEBV2@@Z 000000018004059c     LIBCMT:undname.obj
 0004:000015a8       $pdata$?getLastChar@pDNameNode@@UEBADXZ 00000001800405a8     LIBCMT:undname.obj
 0004:000015b4       $pdata$?getLastChar@pairNode@@UEBADXZ 00000001800405b4     LIBCMT:undname.obj
 0004:000015c0       $pdata$?getMemory@_HeapManager@@QEAAPEAX_KH@Z 00000001800405c0     LIBCMT:undname.obj
 0004:000015cc       $pdata$?getOperatorName@UnDecorator@@CA?AVDName@@_NPEA_N@Z 00000001800405cc     LIBCMT:undname.obj
 0004:000015d8       $pdata$?getPrimaryDataType@UnDecorator@@CA?AVDName@@AEBV2@@Z 00000001800405d8     LIBCMT:undname.obj
 0004:000015e4       $pdata$?getPtrRefDataType@UnDecorator@@CA?AVDName@@AEBV2@H@Z 00000001800405e4     LIBCMT:undname.obj
 0004:000015f0       $pdata$?getPtrRefType@UnDecorator@@CA?AVDName@@AEBV2@0PEBD@Z 00000001800405f0     LIBCMT:undname.obj
 0004:000015fc       $pdata$?getRestrictionSpec@UnDecorator@@CA?AVDName@@XZ 00000001800405fc     LIBCMT:undname.obj
 0004:00001608       $pdata$?getReturnType@UnDecorator@@CA?AVDName@@PEAV2@@Z 0000000180040608     LIBCMT:undname.obj
 0004:00001614       $pdata$?getScope@UnDecorator@@CA?AVDName@@XZ 0000000180040614     LIBCMT:undname.obj
 0004:00001620       $pdata$?getScopedName@UnDecorator@@CA?AVDName@@XZ 0000000180040620     LIBCMT:undname.obj
 0004:0000162c       $pdata$?getSignedDimension@UnDecorator@@CA?AVDName@@XZ 000000018004062c     LIBCMT:undname.obj
 0004:00001638       $pdata$?getString@DName@@QEBAPEADPEADH@Z 0000000180040638     LIBCMT:undname.obj
 0004:00001644       $pdata$?getString@pDNameNode@@UEBAPEADPEAD0@Z 0000000180040644     LIBCMT:undname.obj
 0004:00001650       $pdata$?getString@pairNode@@UEBAPEADPEAD0@Z 0000000180040650     LIBCMT:undname.obj
 0004:0000165c       $pdata$?getStringEncoding@UnDecorator@@CA?AVDName@@PEADH@Z 000000018004065c     LIBCMT:undname.obj
 0004:00001668       $pdata$?getSymbolName@UnDecorator@@CA?AVDName@@XZ 0000000180040668     LIBCMT:undname.obj
 0004:00001674       $pdata$?getTemplateArgumentList@UnDecorator@@CA?AVDName@@XZ 0000000180040674     LIBCMT:undname.obj
 0004:00001680       $pdata$?getTemplateConstant@UnDecorator@@CA?AVDName@@XZ 0000000180040680     LIBCMT:undname.obj
 0004:0000168c       $pdata$?getTemplateName@UnDecorator@@CA?AVDName@@_N@Z 000000018004068c     LIBCMT:undname.obj
 0004:00001698       $pdata$?getThrowTypes@UnDecorator@@CA?AVDName@@XZ 0000000180040698     LIBCMT:undname.obj
 0004:000016a4       $pdata$?getTypeEncoding@UnDecorator@@CAHXZ 00000001800406a4     LIBCMT:undname.obj
 0004:000016b0       $pdata$?getVfTableType@UnDecorator@@CA?AVDName@@AEBV2@@Z 00000001800406b0     LIBCMT:undname.obj
 0004:000016bc       $pdata$?getZName@UnDecorator@@CA?AVDName@@_N0@Z 00000001800406bc     LIBCMT:undname.obj
 0004:000016c8       $pdata$?length@pDNameNode@@UEBAHXZ 00000001800406c8     LIBCMT:undname.obj
 0004:000016d4       $pdata$?length@pairNode@@UEBAHXZ 00000001800406d4     LIBCMT:undname.obj
 0004:000016e0       $pdata$__unDName           00000001800406e0     LIBCMT:undname.obj
 0004:0000171c       $pdata$_IsNonwritableInCurrentImage 000000018004071c     LIBCMT:pesect.obj
 0004:00001728       $pdata$__onexitinit        0000000180040728     LIBCMT:onexit.obj
 0004:00001734       $pdata$_onexit             0000000180040734     LIBCMT:onexit.obj
 0004:00001740       $pdata$atexit              0000000180040740     LIBCMT:onexit.obj
 0004:0000174c       $pdata$?terminate@@YAXXZ   000000018004074c     LIBCMT:hooks.obj
 0004:00001758       $pdata$_initp_eh_hooks     0000000180040758     LIBCMT:hooks.obj
 0004:00001764       $pdata$_callnewh           0000000180040764     LIBCMT:handler.obj
 0004:00001770       $pdata$__initstdio         0000000180040770     LIBCMT:_file.obj
 0004:0000177c       $pdata$__endstdio          000000018004077c     LIBCMT:_file.obj
 0004:00001788       $pdata$_lock_file          0000000180040788     LIBCMT:_file.obj
 0004:00001794       $pdata$_lock_file2         0000000180040794     LIBCMT:_file.obj
 0004:000017a0       $pdata$?x_ismbbtype_l@@YAHPEAUlocaleinfo_struct@@IHH@Z 00000001800407a0     LIBCMT:ismbbyte.obj
 0004:000017ac       $pdata$realloc             00000001800407ac     LIBCMT:realloc.obj
 0004:000017b8       $pdata$_calloc_impl        00000001800407b8     LIBCMT:calloc_impl.obj
 0004:000017c4       $pdata$__raise_securityfailure 00000001800407c4     LIBCMT:gs_report.obj
 0004:000017d0       $pdata$__report_gsfailure  00000001800407d0     LIBCMT:gs_report.obj
 0004:000017dc       $pdata$__free_lconv_mon    00000001800407dc     LIBCMT:initmon.obj
 0004:000017e8       $pdata$__free_lconv_num    00000001800407e8     LIBCMT:initnum.obj
 0004:000017f4       $pdata$__free_lc_time      00000001800407f4     LIBCMT:inittime.obj
 0004:00001800       $pdata$?__crtLCMapStringA_stat@@YAHPEAUlocaleinfo_struct@@PEB_WKPEBDHPEADHHH@Z 0000000180040800     LIBCMT:a_map.obj
 0004:0000180c       $pdata$__crtLCMapStringA   000000018004080c     LIBCMT:a_map.obj
 0004:00001818       $pdata$?__crtGetStringTypeA_stat@@YAHPEAUlocaleinfo_struct@@KPEBDHPEAGHH@Z 0000000180040818     LIBCMT:a_str.obj
 0004:00001824       $pdata$__crtGetStringTypeA 0000000180040824     LIBCMT:a_str.obj
 0004:00001830       $pdata$_isctype_l          0000000180040830     LIBCMT:isctype.obj
 0004:0000183c       $pdata$_locterm            000000018004083c     LIBCMT:wsetloca.obj
 0004:00001848       $pdata$_isleadbyte_l       0000000180040848     LIBCMT:_wctype.obj
 0004:00001854       $pdata$isleadbyte          0000000180040854     LIBCMT:_wctype.obj
 0004:00001860       $pdata$_ld12tod            0000000180040860     LIBCMT:intrncvt.obj
 0004:0000186c       $pdata$_ld12tof            000000018004086c     LIBCMT:intrncvt.obj
 0004:00001878       $pdata$__strgtold12_l      0000000180040878     LIBCMT:strgtold.obj
 0004:00001884       $pdata$$I10_OUTPUT         0000000180040884     LIBCMT:x10fout.obj
 0004:0000189c       $pdata$_msize              000000018004089c     LIBCMT:msize.obj
 0004:000018a8       $pdata$_fileno             00000001800408a8     LIBCMT:fileno.obj
 0004:000018b4       $pdata$_isatty             00000001800408b4     LIBCMT:isatty.obj
 0004:000018c0       $pdata$_fflush_nolock      00000001800408c0     LIBCMT:fflush.obj
 0004:000018cc       $pdata$_flush              00000001800408cc     LIBCMT:fflush.obj
 0004:000018d8       $pdata$flsall              00000001800408d8     LIBCMT:fflush.obj
 0004:000018e4       $pdata$_fcloseall          00000001800408e4     LIBCMT:closeall.obj
 0004:000018fc       $pdata$__mtold12           00000001800408fc     LIBCMT:mantold.obj
 0004:00001908       $pdata$?strtoxl@@YAKPEAUlocaleinfo_struct@@PEBDPEAPEBDHH@Z 0000000180040908     LIBCMT:strtol.obj
 0004:00001914       $pdata$strtol              0000000180040914     LIBCMT:strtol.obj
 0004:00001920       $pdata$_commit             0000000180040920     LIBCMT:commit.obj
 0004:0000192c       $pdata$_write              000000018004092c     LIBCMT:write.obj
 0004:00001938       $pdata$_write_nolock       0000000180040938     LIBCMT:write.obj
 0004:00001944       $pdata$_fclose_nolock      0000000180040944     LIBCMT:fclose.obj
 0004:00001950       $pdata$fclose              0000000180040950     LIBCMT:fclose.obj
 0004:0000195c       $pdata$__lock_fhandle      000000018004095c     LIBCMT:osfinfo.obj
 0004:00001968       $pdata$_free_osfhnd        0000000180040968     LIBCMT:osfinfo.obj
 0004:00001974       $pdata$_get_osfhandle      0000000180040974     LIBCMT:osfinfo.obj
 0004:00001980       $pdata$_lseeki64_nolock    0000000180040980     LIBCMT:lseeki64.obj
 0004:0000198c       $pdata$_mbtowc_l           000000018004098c     LIBCMT:mbtowc.obj
 0004:00001998       $pdata$_putwch_nolock      0000000180040998     LIBCMT:putwch.obj
 0004:000019a4       $pdata$_close              00000001800409a4     LIBCMT:close.obj
 0004:000019b0       $pdata$_close_nolock       00000001800409b0     LIBCMT:close.obj
 0004:000019bc       $pdata$_freebuf            00000001800409bc     LIBCMT:_freebuf.obj
 0004:000019c8       $pdata$__termconout        00000001800409c8     LIBCMT:initcon.obj
 0004:000019d4       $pdata$__initconout        00000001800409d4     LIBCMT:initcon.obj
 0004:000019e0       $pdata$_CRT_INIT$fin$0     00000001800409e0     LIBCMT:dllcrt0.obj
 0004:000019ec       $pdata$__DllMainCRTStartup$filt$0 00000001800409ec     LIBCMT:dllcrt0.obj
 0004:000019f8       $pdata$?fin$0@?0??_Name_base@type_info@@CAPEBDPEBV1@PEAU__type_info_node@@@Z@4HA 00000001800409f8     LIBCMT:typname.obj
 0004:00001a04       $pdata$?fin$0@?0??_Type_info_dtor@type_info@@CAXPEAV1@@Z@4HA 0000000180040a04     LIBCMT:typname.obj
 0004:00001a10       $pdata$_initptd$fin$1      0000000180040a10     LIBCMT:tidtable.obj
 0004:00001a10       $pdata$_freefls$fin$1      0000000180040a10     LIBCMT:tidtable.obj
 0004:00001a1c       $pdata$_freefls$fin$0      0000000180040a1c     LIBCMT:tidtable.obj
 0004:00001a1c       $pdata$_initptd$fin$0      0000000180040a1c     LIBCMT:tidtable.obj
 0004:00001a28       $pdata$doexit$fin$0        0000000180040a28     LIBCMT:crt0dat.obj
 0004:00001a34       $pdata$_ioinit$fin$0       0000000180040a34     LIBCMT:ioinit.obj
 0004:00001a40       $pdata$raise$fin$0         0000000180040a40     LIBCMT:winsig.obj
 0004:00001a4c       $pdata$_setmbcp$fin$0      0000000180040a4c     LIBCMT:mbctype.obj
 0004:00001a4c       $pdata$__updatetmbcinfo$fin$0 0000000180040a4c     LIBCMT:mbctype.obj
 0004:00001a58       $pdata$_mtinitlocknum$fin$0 0000000180040a58     LIBCMT:mlock.obj
 0004:00001a64       $pdata$__unDName$fin$0     0000000180040a64     LIBCMT:undname.obj
 0004:00001a70       $pdata$_IsNonwritableInCurrentImage$filt$0 0000000180040a70     LIBCMT:pesect.obj
 0004:00001a7c       $pdata$_onexit$fin$0       0000000180040a7c     LIBCMT:onexit.obj
 0004:00001a88       $pdata$_locterm$fin$0      0000000180040a88     LIBCMT:wsetloca.obj
 0004:00001a88       $pdata$__updatetlocinfo$fin$0 0000000180040a88     LIBCMT:wsetloca.obj
 0004:00001a94       $pdata$flsall$fin$0        0000000180040a94     LIBCMT:fflush.obj
 0004:00001aa0       $pdata$flsall$fin$1        0000000180040aa0     LIBCMT:fflush.obj
 0004:00001aac       $pdata$_fcloseall$fin$0    0000000180040aac     LIBCMT:closeall.obj
 0004:00001ab8       $pdata$_commit$fin$0       0000000180040ab8     LIBCMT:commit.obj
 0004:00001ab8       $pdata$_close$fin$0        0000000180040ab8     LIBCMT:commit.obj
 0004:00001ac4       $pdata$_write$fin$0        0000000180040ac4     LIBCMT:write.obj
 0004:00001ad0       $pdata$fclose$fin$0        0000000180040ad0     LIBCMT:fclose.obj
 0004:00001adc       $pdata$__lock_fhandle$fin$0 0000000180040adc     LIBCMT:osfinfo.obj
 0005:000000a0       $R000000                   00000001800410a0     PhysX3CharacterKinematic.res
 0005:00000420       $R000380                   0000000180041420     PhysX3CharacterKinematic.res
